Archive member included to satisfy reference by file (symbol)

c:/users/john/sandbox/gcc-arm-none-eabi-5_4-2016q3/bin/../lib/gcc/arm-none-eabi/5.4.1/../../../../arm-none-eabi/lib/armv7e-m/fpu\libc.a(lib_a-exit.o)
                              c:/users/john/sandbox/gcc-arm-none-eabi-5_4-2016q3/bin/../lib/gcc/arm-none-eabi/5.4.1/../../../../arm-none-eabi/lib/armv7e-m/fpu/crt0.o (exit)
c:/users/john/sandbox/gcc-arm-none-eabi-5_4-2016q3/bin/../lib/gcc/arm-none-eabi/5.4.1/../../../../arm-none-eabi/lib/armv7e-m/fpu\libc.a(lib_a-impure.o)
                              c:/users/john/sandbox/gcc-arm-none-eabi-5_4-2016q3/bin/../lib/gcc/arm-none-eabi/5.4.1/../../../../arm-none-eabi/lib/armv7e-m/fpu\libc.a(lib_a-exit.o) (_global_impure_ptr)
c:/users/john/sandbox/gcc-arm-none-eabi-5_4-2016q3/bin/../lib/gcc/arm-none-eabi/5.4.1/../../../../arm-none-eabi/lib/armv7e-m/fpu\libc.a(lib_a-init.o)
                              c:/users/john/sandbox/gcc-arm-none-eabi-5_4-2016q3/bin/../lib/gcc/arm-none-eabi/5.4.1/../../../../arm-none-eabi/lib/armv7e-m/fpu/crt0.o (__libc_init_array)
c:/users/john/sandbox/gcc-arm-none-eabi-5_4-2016q3/bin/../lib/gcc/arm-none-eabi/5.4.1/../../../../arm-none-eabi/lib/armv7e-m/fpu\libc.a(lib_a-memset.o)
                              c:/users/john/sandbox/gcc-arm-none-eabi-5_4-2016q3/bin/../lib/gcc/arm-none-eabi/5.4.1/../../../../arm-none-eabi/lib/armv7e-m/fpu/crt0.o (memset)
c:/users/john/sandbox/gcc-arm-none-eabi-5_4-2016q3/bin/../lib/gcc/arm-none-eabi/5.4.1/../../../../arm-none-eabi/lib/armv7e-m/fpu\libc.a(lib_a-__call_atexit.o)
                              c:/users/john/sandbox/gcc-arm-none-eabi-5_4-2016q3/bin/../lib/gcc/arm-none-eabi/5.4.1/../../../../arm-none-eabi/lib/armv7e-m/fpu\libc.a(lib_a-exit.o) (__call_exitprocs)
c:/users/john/sandbox/gcc-arm-none-eabi-5_4-2016q3/bin/../lib/gcc/arm-none-eabi/5.4.1/../../../../arm-none-eabi/lib/armv7e-m/fpu\libc.a(lib_a-atexit.o)
                              c:/users/john/sandbox/gcc-arm-none-eabi-5_4-2016q3/bin/../lib/gcc/arm-none-eabi/5.4.1/../../../../arm-none-eabi/lib/armv7e-m/fpu\libc.a(lib_a-__call_atexit.o) (atexit)
c:/users/john/sandbox/gcc-arm-none-eabi-5_4-2016q3/bin/../lib/gcc/arm-none-eabi/5.4.1/../../../../arm-none-eabi/lib/armv7e-m/fpu\libc.a(lib_a-fini.o)
                              c:/users/john/sandbox/gcc-arm-none-eabi-5_4-2016q3/bin/../lib/gcc/arm-none-eabi/5.4.1/../../../../arm-none-eabi/lib/armv7e-m/fpu\libc.a(lib_a-__call_atexit.o) (__libc_fini_array)
c:/users/john/sandbox/gcc-arm-none-eabi-5_4-2016q3/bin/../lib/gcc/arm-none-eabi/5.4.1/../../../../arm-none-eabi/lib/armv7e-m/fpu\libc.a(lib_a-__atexit.o)
                              c:/users/john/sandbox/gcc-arm-none-eabi-5_4-2016q3/bin/../lib/gcc/arm-none-eabi/5.4.1/../../../../arm-none-eabi/lib/armv7e-m/fpu\libc.a(lib_a-atexit.o) (__register_exitproc)
c:/users/john/sandbox/gcc-arm-none-eabi-5_4-2016q3/bin/../lib/gcc/arm-none-eabi/5.4.1/../../../../arm-none-eabi/lib/armv7e-m/fpu\libc.a(lib_a-printf.o)
                              user_source/motion.o (printf)
c:/users/john/sandbox/gcc-arm-none-eabi-5_4-2016q3/bin/../lib/gcc/arm-none-eabi/5.4.1/../../../../arm-none-eabi/lib/armv7e-m/fpu\libc.a(lib_a-reent.o)
                              user_source/hal_interface/newlib_stubs.o (errno)
c:/users/john/sandbox/gcc-arm-none-eabi-5_4-2016q3/bin/../lib/gcc/arm-none-eabi/5.4.1/../../../../arm-none-eabi/lib/armv7e-m/fpu\libc.a(lib_a-setvbuf.o)
                              user_source/uart.o (setvbuf)
c:/users/john/sandbox/gcc-arm-none-eabi-5_4-2016q3/bin/../lib/gcc/arm-none-eabi/5.4.1/../../../../arm-none-eabi/lib/armv7e-m/fpu\libc.a(lib_a-vfprintf.o)
                              c:/users/john/sandbox/gcc-arm-none-eabi-5_4-2016q3/bin/../lib/gcc/arm-none-eabi/5.4.1/../../../../arm-none-eabi/lib/armv7e-m/fpu\libc.a(lib_a-printf.o) (_vfprintf_r)
c:/users/john/sandbox/gcc-arm-none-eabi-5_4-2016q3/bin/../lib/gcc/arm-none-eabi/5.4.1/../../../../arm-none-eabi/lib/armv7e-m/fpu\libc.a(lib_a-wsetup.o)
                              c:/users/john/sandbox/gcc-arm-none-eabi-5_4-2016q3/bin/../lib/gcc/arm-none-eabi/5.4.1/../../../../arm-none-eabi/lib/armv7e-m/fpu\libc.a(lib_a-vfprintf.o) (__swsetup_r)
c:/users/john/sandbox/gcc-arm-none-eabi-5_4-2016q3/bin/../lib/gcc/arm-none-eabi/5.4.1/../../../../arm-none-eabi/lib/armv7e-m/fpu\libc.a(lib_a-dtoa.o)
                              c:/users/john/sandbox/gcc-arm-none-eabi-5_4-2016q3/bin/../lib/gcc/arm-none-eabi/5.4.1/../../../../arm-none-eabi/lib/armv7e-m/fpu\libc.a(lib_a-vfprintf.o) (_dtoa_r)
c:/users/john/sandbox/gcc-arm-none-eabi-5_4-2016q3/bin/../lib/gcc/arm-none-eabi/5.4.1/../../../../arm-none-eabi/lib/armv7e-m/fpu\libc.a(lib_a-fflush.o)
                              c:/users/john/sandbox/gcc-arm-none-eabi-5_4-2016q3/bin/../lib/gcc/arm-none-eabi/5.4.1/../../../../arm-none-eabi/lib/armv7e-m/fpu\libc.a(lib_a-setvbuf.o) (_fflush_r)
[...]
Memory Configuration

Name             Origin             Length             Attributes
FLASH            0x08000000         0x00040000         xr
RAM              0x20000000         0x0000a000         xrw
CCMRAM           0x10000000         0x00002000         rw
*default*        0x00000000         0xffffffff

Linker script and memory map

LOAD c:/users/john/sandbox/gcc-arm-none-eabi-5_4-2016q3/bin/../lib/gcc/arm-none-eabi/5.4.1/armv7e-m/fpu/crti.o
LOAD c:/users/john/sandbox/gcc-arm-none-eabi-5_4-2016q3/bin/../lib/gcc/arm-none-eabi/5.4.1/armv7e-m/fpu/crtbegin.o
LOAD c:/users/john/sandbox/gcc-arm-none-eabi-5_4-2016q3/bin/../lib/gcc/arm-none-eabi/5.4.1/../../../../arm-none-eabi/lib/armv7e-m/fpu/crt0.o
                0x2000a000                _estack = 0x2000a000
                0x00000200                _Min_Heap_Size = 0x200
                0x00000400                _Min_Stack_Size = 0x400

.isr_vector     0x08000000      0x188
                0x08000000                . = ALIGN (0x4)
 *(.isr_vector)
 .isr_vector    0x08000000      0x188 ../arch/stm32/f3/src/CMSIS/startup_stm32f303xc.o
                0x08000000                g_pfnVectors
                0x08000188                . = ALIGN (0x4)

.text           0x080001c0     0xc380
                0x080001c0                . = ALIGN (0x4)
 *(.text)
 .text          0x080001c0       0x5c c:/users/john/sandbox/gcc-arm-none-eabi-5_4-2016q3/bin/../lib/gcc/arm-none-eabi/5.4.1/armv7e-m/fpu/crtbegin.o
 .text          0x0800021c       0x10 ../arch/stm32/f3/src/stm32f3xx_hal_msp.o
                0x0800021c                HAL_MspInit
                0x08000220                HAL_MspDeInit
                0x08000224                HAL_PPP_MspInit
                0x08000228                HAL_PPP_MspDeInit
 .text          0x0800022c       0x84 ../arch/stm32/f3/src/stm32f3xx_hal_timebase_tim.o
                0x0800022c                HAL_InitTick
                0x0800027c                HAL_SuspendTick
                0x08000290                HAL_ResumeTick
                0x080002a4                TIM6_DAC_IRQHandler
 .text          0x080002b0     0x12d8 ../arch/stm32/f3/src/stm32f3xx_hal_uart.o
                0x080002b4                HAL_UART_MspDeInit
                0x080002b8                HAL_UART_DeInit
                0x080002f0                HAL_UART_Transmit_IT
                0x08000338                HAL_UART_Receive_IT
                0x080003b8                HAL_UART_Transmit_DMA
                0x08000434                HAL_UART_Receive_DMA
                0x080004b8                HAL_UART_DMAPause
                0x08000518                HAL_UART_DMAResume
                0x08000580                HAL_UART_DMAStop
                0x080005f8                HAL_UART_Abort
                0x08000664                HAL_UART_AbortTransmit
                0x0800069c                HAL_UART_AbortReceive
                0x080006e0                HAL_UART_TxCpltCallback
                0x08000710                HAL_UART_TxHalfCpltCallback
                0x08000720                HAL_UART_RxCpltCallback
                0x0800075c                HAL_UART_RxHalfCpltCallback
                0x0800076c                HAL_UART_ErrorCallback
                0x080007f0                HAL_UART_AbortCpltCallback
                0x080007f4                HAL_UART_Abort_IT
                0x0800091c                HAL_UART_AbortTransmitCpltCallback
                0x08000920                HAL_UART_AbortTransmit_IT
                0x0800099c                HAL_UART_AbortReceiveCpltCallback
                0x080009a0                HAL_UART_AbortReceive_IT
                0x08000a34                HAL_MultiProcessor_EnterMuteMode
                0x08000a40                HAL_HalfDuplex_EnableTransmitter
                0x08000a7c                HAL_HalfDuplex_EnableReceiver
                0x08000ab8                HAL_LIN_SendBreak
                0x08000aec                HAL_UART_GetState
                0x08000af8                HAL_UART_GetError
                0x08000afc                UART_SetConfig
                0x08000d6c                UART_AdvFeatureConfig
                0x08000e1c                UART_WaitOnFlagUntilTimeout
                0x08000e84                HAL_UART_Transmit
                0x08000f3c                HAL_UART_Receive
                0x08001024                UART_CheckIdleState
                0x08001094                HAL_UART_Init
                0x08001100                HAL_HalfDuplex_Init
                0x08001178                HAL_LIN_Init
                0x08001208                HAL_MultiProcessor_Init
                0x08001298                HAL_MultiProcessor_EnableMuteMode
                0x080012c8                HAL_MultiProcessor_DisableMuteMode
                0x080012f8                UART_Transmit_IT
                0x08001360                UART_EndTransmit_IT
                0x0800137c                UART_Receive_IT
                0x080013f4                HAL_UART_IRQHandler
                0x08001554                UART_Wakeup_AddressConfig
 .text          0x08001588      0x158 ../arch/stm32/f3/src/stm32f3xx_hal.o
                0x08001590                HAL_DeInit
                0x080015e0                HAL_Init
                0x08001604                HAL_IncTick
                0x08001614                HAL_GetTick
                0x08001620                HAL_Delay
                0x0800165c                HAL_GetHalVersion
                0x08001664                HAL_GetREVID
                0x08001670                HAL_GetDEVID
                0x08001680                HAL_DBGMCU_EnableDBGSleepMode
                0x08001690                HAL_DBGMCU_DisableDBGSleepMode
                0x080016a0                HAL_DBGMCU_EnableDBGStopMode
                0x080016b0                HAL_DBGMCU_DisableDBGStopMode
                0x080016c0                HAL_DBGMCU_EnableDBGStandbyMode
                0x080016d0                HAL_DBGMCU_DisableDBGStandbyMode
 .text          0x080016e0     0x2160 ../arch/stm32/f3/src/stm32f3xx_hal_tim.o
                0x08001794                HAL_TIM_Base_MspInit
                0x08001798                HAL_TIM_Base_MspDeInit
                0x0800179c                HAL_TIM_Base_DeInit
                0x080017d8                HAL_TIM_Base_Start
                0x080017f8                HAL_TIM_Base_Stop
                0x08001828                HAL_TIM_Base_Start_IT
                0x08001840                HAL_TIM_Base_Stop_IT
                0x0800186c                HAL_TIM_Base_Start_DMA
                0x080018c8                HAL_TIM_Base_Stop_DMA
                0x080018f8                HAL_TIM_OC_MspInit
                0x080018fc                HAL_TIM_OC_MspDeInit
                0x08001900                HAL_TIM_OC_DeInit
                0x0800193c                HAL_TIM_OC_Stop
                0x080019c8                HAL_TIM_PWM_MspDeInit
                0x080019cc                HAL_TIM_PWM_DeInit
                0x08001a08                HAL_TIM_PWM_Start
                0x08001a68                HAL_TIM_OC_Start
                0x08001a6c                HAL_TIM_PWM_Stop
                0x08001af8                HAL_TIM_PWM_Start_IT
                0x08001ba0                HAL_TIM_OC_Start_IT
                0x08001ba4                HAL_TIM_PWM_Stop_IT
                0x08001c74                HAL_TIM_OC_Stop_IT
                0x08001c78                HAL_TIM_PWM_Start_DMA
                0x08001da8                HAL_TIM_OC_Start_DMA
                0x08001dac                HAL_TIM_PWM_Stop_DMA
                0x08001e80                HAL_TIM_OC_Stop_DMA
                0x08001e84                HAL_TIM_IC_MspInit
                0x08001e88                HAL_TIM_IC_MspDeInit
                0x08001e8c                HAL_TIM_IC_DeInit
                0x08001ec8                HAL_TIM_IC_Start
                0x08001eec                HAL_TIM_IC_Stop
                0x08001f20                HAL_TIM_IC_Start_IT
                0x08001f88                HAL_TIM_IC_Stop_IT
                0x08002004                HAL_TIM_IC_Start_DMA
                0x080020e8                HAL_TIM_IC_Stop_DMA
                0x08002170                HAL_TIM_OnePulse_MspInit
                0x08002174                HAL_TIM_OnePulse_MspDeInit
                0x08002178                HAL_TIM_OnePulse_DeInit
                0x080021b4                HAL_TIM_OnePulse_Start
                0x08002214                HAL_TIM_OnePulse_Stop
                0x0800229c                HAL_TIM_OnePulse_Start_IT
                0x0800230c                HAL_TIM_OnePulse_Stop_IT
                0x080023a4                HAL_TIM_Encoder_MspInit
                0x080023a8                HAL_TIM_Encoder_MspDeInit
                0x080023ac                HAL_TIM_Encoder_DeInit
                0x080023e8                HAL_TIM_Encoder_Start
                0x08002434                HAL_TIM_Encoder_Stop
                0x08002488                HAL_TIM_Encoder_Start_IT
                0x08002508                HAL_TIM_Encoder_Stop_IT
                0x08002588                HAL_TIM_Encoder_Start_DMA
                0x080026d0                HAL_TIM_Encoder_Stop_DMA
                0x08002750                HAL_TIM_DMABurst_WriteStart
                0x08002834                HAL_TIM_DMABurst_ReadStart
                0x08002918                HAL_TIM_DMABurst_ReadStop
                0x08002990                HAL_TIM_DMABurst_WriteStop
                0x08002994                HAL_TIM_GenerateEvent
                0x08002a8c                HAL_TIM_ConfigClockSource
                0x08002c1c                HAL_TIM_ConfigTI1Input
                0x08002c2c                HAL_TIM_SlaveConfigSynchronization
                0x08002c6c                HAL_TIM_SlaveConfigSynchronization_IT
                0x08002cac                HAL_TIM_ReadCapturedValue
                0x08002d20                HAL_TIM_OC_DelayElapsedCallback
                0x08002d24                HAL_TIM_IC_CaptureCallback
                0x08002d28                TIM_DMACaptureCplt
                0x08002d74                HAL_TIM_PWM_PulseFinishedCallback
                0x08002d78                TIM_DMADelayPulseCplt
                0x08002dc4                HAL_TIM_TriggerCallback
                0x08002dc8                HAL_TIM_IRQHandler
                0x08002f2c                HAL_TIM_ErrorCallback
                0x08002f30                TIM_DMAError
                0x08002f40                HAL_TIM_Base_GetState
                0x08002f48                HAL_TIM_OC_GetState
                0x08002f50                HAL_TIM_PWM_GetState
                0x08002f58                HAL_TIM_IC_GetState
                0x08002f60                HAL_TIM_OnePulse_GetState
                0x08002f68                HAL_TIM_Encoder_GetState
                0x08002f70                TIM_Base_SetConfig
                0x08003048                HAL_TIM_Base_Init
                0x08003080                HAL_TIM_OC_Init
                0x080030b8                HAL_TIM_PWM_Init
                0x080030f0                HAL_TIM_IC_Init
                0x08003128                HAL_TIM_OnePulse_Init
                0x08003170                HAL_TIM_Encoder_Init
                0x0800321c                TIM_OC1_SetConfig
                0x0800329c                TIM_OC2_SetConfig
                0x08003320                TIM_OC3_SetConfig
                0x080033a0                TIM_OC4_SetConfig
                0x08003544                TIM_TI1_SetConfig
                0x080035ac                HAL_TIM_IC_ConfigChannel
                0x080036e4                HAL_TIM_OnePulse_ConfigChannel
                0x08003808                TIM_ETR_SetConfig
                0x08003820                TIM_CCxChannelCmd
 .text          0x08003840      0x1b0 ../arch/stm32/f3/src/stm32f3xx_hal_uart_ex.o
                0x08003840                HAL_RS485Ex_Init
                0x080038d0                HAL_UARTEx_WakeupCallback
                0x080038d4                HAL_UARTEx_StopModeWakeUpSourceConfig
                0x08003954                HAL_UARTEx_EnableStopMode
                0x08003988                HAL_UARTEx_DisableStopMode
                0x080039bc                HAL_MultiProcessorEx_AddressLength_Set
 .text          0x080039f0      0x2b0 ../arch/stm32/f3/src/stm32f3xx_hal_cortex.o
                0x080039f0                HAL_NVIC_SetPriorityGrouping
                0x08003a14                HAL_NVIC_SetPriority
                0x08003a84                HAL_NVIC_EnableIRQ
                0x08003a9c                HAL_NVIC_DisableIRQ
                0x08003ab8                HAL_NVIC_SystemReset
                0x08003adc                HAL_SYSTICK_Config
                0x08003b10                HAL_MPU_Disable
                0x08003b2c                HAL_MPU_Enable
                0x08003b48                HAL_MPU_ConfigRegion
                0x08003b9c                HAL_NVIC_GetPriorityGrouping
                0x08003bac                HAL_NVIC_GetPriority
                0x08003c0c                HAL_NVIC_SetPendingIRQ
                0x08003c28                HAL_NVIC_GetPendingIRQ
                0x08003c44                HAL_NVIC_ClearPendingIRQ
                0x08003c60                HAL_NVIC_GetActive
                0x08003c7c                HAL_SYSTICK_CLKSourceConfig
                0x08003c94                HAL_SYSTICK_Callback
                0x08003c98                HAL_SYSTICK_IRQHandler
 .text          0x08003ca0      0x490 ../arch/stm32/f3/src/stm32f3xx_hal_dma.o
                0x08003ca0                HAL_DMA_Init
                0x08003d30                HAL_DMA_DeInit
                0x08003da4                HAL_DMA_Start
                0x08003e08                HAL_DMA_Start_IT
                0x08003e8c                HAL_DMA_Abort
                0x08003ec0                HAL_DMA_Abort_IT
                0x08003f08                HAL_DMA_PollForTransfer
                0x08003fdc                HAL_DMA_IRQHandler
                0x08004074                HAL_DMA_RegisterCallback
                0x080040c8                HAL_DMA_UnRegisterCallback
                0x08004124                HAL_DMA_GetState
                0x0800412c                HAL_DMA_GetError
 .text          0x08004130      0xc84 ../arch/stm32/f3/src/stm32f3xx_hal_tim_ex.o
                0x08004210                HAL_TIMEx_HallSensor_MspInit
                0x08004214                HAL_TIMEx_HallSensor_Init
                0x080042cc                HAL_TIMEx_HallSensor_MspDeInit
                0x080042d0                HAL_TIMEx_HallSensor_DeInit
                0x0800430c                HAL_TIMEx_HallSensor_Start
                0x08004328                HAL_TIMEx_HallSensor_Stop
                0x08004358                HAL_TIMEx_HallSensor_Start_IT
                0x0800437c                HAL_TIMEx_HallSensor_Stop_IT
                0x080043b4                HAL_TIMEx_HallSensor_Start_DMA
                0x08004420                HAL_TIMEx_HallSensor_Stop_DMA
                0x08004458                HAL_TIMEx_PWMN_Start
                0x08004484                HAL_TIMEx_OCN_Start
                0x08004488                HAL_TIMEx_PWMN_Start_IT
                0x08004500                HAL_TIMEx_OCN_Start_IT
                0x08004504                HAL_TIMEx_PWMN_Stop_IT
                0x080045ac                HAL_TIMEx_OCN_Stop_IT
                0x080045b0                HAL_TIMEx_PWMN_Start_DMA
                0x080046b0                HAL_TIMEx_OCN_Start_DMA
                0x080046b4                HAL_TIMEx_PWMN_Stop_DMA
                0x08004758                HAL_TIMEx_OCN_Stop_DMA
                0x0800475c                HAL_TIMEx_OnePulseN_Start
                0x08004780                HAL_TIMEx_OnePulseN_Stop
                0x080047d4                HAL_TIMEx_PWMN_Stop
                0x080047d8                HAL_TIMEx_OCN_Stop
                0x080047dc                HAL_TIMEx_OnePulseN_Start_IT
                0x08004810                HAL_TIMEx_OnePulseN_Stop_IT
                0x08004874                HAL_TIMEx_ConfigCommutationEvent
                0x080048c4                HAL_TIMEx_ConfigCommutationEvent_IT
                0x0800491c                HAL_TIMEx_ConfigCommutationEvent_DMA
                0x08004984                HAL_TIM_OC_ConfigChannel
                0x080049fc                HAL_TIM_PWM_ConfigChannel
                0x08004b24                HAL_TIMEx_MasterConfigSynchronization
                0x08004b78                HAL_TIMEx_ConfigBreakDeadTime
                0x08004c04                HAL_TIMEx_RemapConfig
                0x08004c30                HAL_TIMEx_GroupChannel5
                0x08004c68                HAL_TIM_ConfigOCrefClear
                0x08004d94                HAL_TIMEx_CommutationCallback
                0x08004d98                TIMEx_DMACommutationCplt
                0x08004da8                HAL_TIMEx_BreakCallback
                0x08004dac                HAL_TIMEx_HallSensor_GetState
 .text          0x08004db4      0x36c ../arch/stm32/f3/src/stm32f3xx_hal_gpio.o
                0x08004db4                HAL_GPIO_Init
                0x08004f8c                HAL_GPIO_DeInit
                0x080050b8                HAL_GPIO_ReadPin
                0x080050c4                HAL_GPIO_WritePin
                0x080050d0                HAL_GPIO_TogglePin
                0x080050d8                HAL_GPIO_LockPin
                0x08005104                HAL_GPIO_EXTI_Callback
                0x08005108                HAL_GPIO_EXTI_IRQHandler
 .text          0x08005120      0x9e8 ../arch/stm32/f3/src/stm32f3xx_hal_rcc.o
                0x08005120                HAL_RCC_DeInit
                0x08005170                HAL_RCC_OscConfig
                0x0800571c                HAL_RCC_MCOConfig
                0x08005768                HAL_RCC_EnableCSS
                0x08005784                HAL_RCC_DisableCSS
                0x080057a0                HAL_RCC_GetSysClockFreq
                0x0800580c                HAL_RCC_ClockConfig
                0x08005998                HAL_RCC_GetHCLKFreq
                0x080059a4                HAL_RCC_GetPCLK1Freq
                0x080059d4                HAL_RCC_GetPCLK2Freq
                0x08005a04                HAL_RCC_GetOscConfig
                0x08005aa0                HAL_RCC_GetClockConfig
                0x08005ae4                HAL_RCC_CSSCallback
                0x08005ae8                HAL_RCC_NMI_IRQHandler
 .text          0x08005b08       0xd0 ../arch/stm32/f3/src/CMSIS/system_stm32f3xx.o
                0x08005b08                SystemInit
                0x08005b78                SystemCoreClockUpdate
 .text          0x08005bd8      0x1c8 user_source/state_machine.o
                0x08005bd8                calculate_next_dominant_turn
                0x08005be8                check_parking_condition
                0x08005c10                update_parking_params
                0x08005cdc                state_init
                0x08005ce8                state_next
                0x08005cf4                state_execute
 .text          0x08005da0       0xc0 user_source/encoder.o
                0x08005da0                encoders_init
                0x08005e10                encoders_enable
                0x08005e30                encoders_disable
                0x08005e50                encoders_reset
 .text          0x08005e60       0x80 user_source/uart.o
                0x08005e60                uart_debug_init
                0x08005e90                uart_init
                0x08005e98                uart_get_byte_blocking
                0x08005e9c                uart_send_byte_blocking
                0x08005ea0                uart_get_data_blocking
                0x08005ec0                uart_send_data_blocking
 .text          0x08005ee0      0x394 user_source/sensor_timer.o
                0x08005ee0                pulse_in
                0x08005f04                trigger_sensor
                0x080060cc                HAL_TIM_PeriodElapsedCallback
                0x080060e4                usensor_gpio_init
                0x080061c8                InitializeTimer
                0x08006234                init_sensor
                0x08006244                usensor_check_distance
 .text          0x08006274      0x2dc user_source/motion.o
                0x08006274                move_forward
                0x080062a0                move_back
                0x080062cc                move_back_left
                0x080062f4                turn_f_left
                0x0800631c                turn_f_right
                0x08006344                brake
                0x0800636c                move_robot
 .text          0x08006550       0x10 user_source/foo.o
                0x08006550                foo
                0x08006554                TEST_FOO
 .text          0x08006560       0x74 user_source/hal_interface/uart_hal.o
                0x08006560                uart_hal_init
                0x080065a0                uart_hal_send_byte_blocking
                0x080065b8                uart_hal_get_byte_blocking
 .text          0x080065d4       0x7c user_source/hal_interface/cpu.o
                0x080065d4                cpu_init
                0x08006624                cpu_sw_delay
                0x0800663c                cpu_sw_udelay
 .text          0x08006650       0x20 user_source/hal_interface/pin_setup.o
                0x08006650                Pin_Set
 .text          0x08006670      0x258 user_source/hal_interface/pwm_hal.o
                0x08006670                init_pwm
                0x080067d4                configure_channel
                0x0800683c                start_channel
                0x08006880                stop_channel
 .text          0x080068c8      0x190 user_source/hal_interface/newlib_stubs.o
                0x080068c8                _exit
                0x080068e4                _close
                0x080068ec                _execve
                0x080068fc                _fork
                0x0800690c                _fstat
                0x08006918                _getpid
                0x0800691c                _isatty
                0x08006934                _kill
                0x08006944                _link
                0x08006954                _lseek
                0x08006958                _read
                0x0800698c                _stat
                0x08006998                _times
                0x080069a0                _unlink
                0x080069b0                _wait
                0x080069c0                _write
                0x08006a10                _sbrk
 .text          0x08006a58       0x68 user_source/hal_interface/interrupts.o
                0x08006a58                EXTI0_IRQHandler
                0x08006a60                EXTI2_TSC_IRQHandler
                0x08006a90                EXTI4_IRQHandler
 .text          0x08006ac0       0xd4 user_source/hal_interface/cube_hal_msp.o
                0x08006ac0                HAL_UART_MspInit
                0x08006b3c                HAL_TIM_PWM_MspInit
 *fill*         0x08006b94        0xc 
 .text          0x08006ba0       0xa0 c:/users/john/sandbox/gcc-arm-none-eabi-5_4-2016q3/bin/../lib/gcc/arm-none-eabi/5.4.1/../../../../arm-none-eabi/lib/armv7e-m/fpu\libc.a(lib_a-memchr.o)
                0x08006ba0                memchr
 .text          0x08006c40      0x134 c:/users/john/sandbox/gcc-arm-none-eabi-5_4-2016q3/bin/../lib/gcc/arm-none-eabi/5.4.1/../../../../arm-none-eabi/lib/armv7e-m/fpu\libc.a(lib_a-memcpy.o)
                0x08006c40                memcpy
 *fill*         0x08006d74        0xc 
 .text          0x08006d80       0xdc c:/users/john/sandbox/gcc-arm-none-eabi-5_4-2016q3/bin/../lib/gcc/arm-none-eabi/5.4.1/../../../../arm-none-eabi/lib/armv7e-m/fpu\libc.a(lib_a-strlen.o)
                0x08006d80                strlen
 .text          0x08006e5c      0x370 c:/users/john/sandbox/gcc-arm-none-eabi-5_4-2016q3/bin/../lib/gcc/arm-none-eabi/5.4.1/armv7e-m/fpu\libgcc.a(_arm_addsubdf3.o)
                0x08006e5c                __aeabi_drsub
                0x08006e64                __aeabi_dsub
                0x08006e64                __subdf3
                0x08006e68                __aeabi_dadd
                0x08006e68                __adddf3
                0x080070e0                __floatunsidf
                0x080070e0                __aeabi_ui2d
                0x08007100                __floatsidf
                0x08007100                __aeabi_i2d
                0x08007124                __aeabi_f2d
                0x08007124                __extendsfdf2
                0x08007160                __floatundidf
                0x08007160                __aeabi_ul2d
                0x08007170                __floatdidf
                0x08007170                __aeabi_l2d
 .text          0x080071cc      0x424 c:/users/john/sandbox/gcc-arm-none-eabi-5_4-2016q3/bin/../lib/gcc/arm-none-eabi/5.4.1/armv7e-m/fpu\libgcc.a(_arm_muldivdf3.o)
                0x080071cc                __aeabi_dmul
                0x080071cc                __muldf3
                0x08007420                __divdf3
                0x08007420                __aeabi_ddiv
 .text          0x080075f0      0x110 c:/users/john/sandbox/gcc-arm-none-eabi-5_4-2016q3/bin/../lib/gcc/arm-none-eabi/5.4.1/armv7e-m/fpu\libgcc.a(_arm_cmpdf2.o)
                0x080075f0                __gtdf2
                0x080075f0                __gedf2
                0x080075f8                __ltdf2
                0x080075f8                __ledf2
                0x08007600                __nedf2
                0x08007600                __eqdf2
                0x08007600                __cmpdf2
                0x0800767c                __aeabi_cdrcmple
                0x0800768c                __aeabi_cdcmpeq
                0x0800768c                __aeabi_cdcmple
                0x0800769c                __aeabi_dcmpeq
                0x080076b0                __aeabi_dcmplt
                0x080076c4                __aeabi_dcmple
                0x080076d8                __aeabi_dcmpge
                0x080076ec                __aeabi_dcmpgt
 .text          0x08007700       0x2c c:/users/john/sandbox/gcc-arm-none-eabi-5_4-2016q3/bin/../lib/gcc/arm-none-eabi/5.4.1/armv7e-m/fpu\libgcc.a(_arm_unorddf2.o)
                0x08007700                __unorddf2
                0x08007700                __aeabi_dcmpun
 .text          0x0800772c       0x50 c:/users/john/sandbox/gcc-arm-none-eabi-5_4-2016q3/bin/../lib/gcc/arm-none-eabi/5.4.1/armv7e-m/fpu\libgcc.a(_arm_fixdfsi.o)
                0x0800772c                __aeabi_d2iz
                0x0800772c                __fixdfsi
 .text          0x0800777c       0x30 c:/users/john/sandbox/gcc-arm-none-eabi-5_4-2016q3/bin/../lib/gcc/arm-none-eabi/5.4.1/armv7e-m/fpu\libgcc.a(_aeabi_uldivmod.o)
                0x0800777c                __aeabi_uldivmod
 .text          0x080077ac      0x2e4 c:/users/john/sandbox/gcc-arm-none-eabi-5_4-2016q3/bin/../lib/gcc/arm-none-eabi/5.4.1/armv7e-m/fpu\libgcc.a(_udivmoddi4.o)
                0x080077ac                __udivmoddi4
 .text          0x08007a90        0x4 c:/users/john/sandbox/gcc-arm-none-eabi-5_4-2016q3/bin/../lib/gcc/arm-none-eabi/5.4.1/armv7e-m/fpu\libgcc.a(_dvmd_tls.o)
                0x08007a90                __aeabi_idiv0
                0x08007a90                __aeabi_ldiv0
 *(.text*)
 .text.__libc_init_array
                0x08007a94       0x50 c:/users/john/sandbox/gcc-arm-none-eabi-5_4-2016q3/bin/../lib/gcc/arm-none-eabi/5.4.1/../../../../arm-none-eabi/lib/armv7e-m/fpu\libc.a(lib_a-init.o)
                0x08007a94                __libc_init_array
 .text.memset   0x08007ae4       0x9c c:/users/john/sandbox/gcc-arm-none-eabi-5_4-2016q3/bin/../lib/gcc/arm-none-eabi/5.4.1/../../../../arm-none-eabi/lib/armv7e-m/fpu\libc.a(lib_a-memset.o)
                0x08007ae4                memset
 .text.startup.register_fini
                0x08007b80       0x14 c:/users/john/sandbox/gcc-arm-none-eabi-5_4-2016q3/bin/../lib/gcc/arm-none-eabi/5.4.1/../../../../arm-none-eabi/lib/armv7e-m/fpu\libc.a(lib_a-__call_atexit.o)
 .text.atexit   0x08007b94        0xc c:/users/john/sandbox/gcc-arm-none-eabi-5_4-2016q3/bin/../lib/gcc/arm-none-eabi/5.4.1/../../../../arm-none-eabi/lib/armv7e-m/fpu\libc.a(lib_a-atexit.o)
                0x08007b94                atexit
 .text.__libc_fini_array
                0x08007ba0       0x28 c:/users/john/sandbox/gcc-arm-none-eabi-5_4-2016q3/bin/../lib/gcc/arm-none-eabi/5.4.1/../../../../arm-none-eabi/lib/armv7e-m/fpu\libc.a(lib_a-fini.o)
                0x08007ba0                __libc_fini_array
 .text.__register_exitproc
                0x08007bc8       0xa4 c:/users/john/sandbox/gcc-arm-none-eabi-5_4-2016q3/bin/../lib/gcc/arm-none-eabi/5.4.1/../../../../arm-none-eabi/lib/armv7e-m/fpu\libc.a(lib_a-__atexit.o)
                0x08007bc8                __register_exitproc
 .text.Reset_Handler
                0x08007c6c       0x50 ../arch/stm32/f3/src/CMSIS/startup_stm32f303xc.o
                0x08007c6c                Reset_Handler
 .text.Default_Handler
                0x08007cbc        0x2 ../arch/stm32/f3/src/CMSIS/startup_stm32f303xc.o
                0x08007cbc                RTC_Alarm_IRQHandler
                0x08007cbc                TIM8_TRG_COM_IRQHandler
                0x08007cbc                TIM8_CC_IRQHandler
                0x08007cbc                DebugMon_Handler
                0x08007cbc                TIM1_CC_IRQHandler
                0x08007cbc                HardFault_Handler
                0x08007cbc                USB_HP_IRQHandler
                0x08007cbc                SysTick_Handler
                0x08007cbc                PVD_IRQHandler
                0x08007cbc                TAMP_STAMP_IRQHandler
                0x08007cbc                PendSV_Handler
                0x08007cbc                NMI_Handler
                0x08007cbc                EXTI3_IRQHandler
                0x08007cbc                USB_HP_CAN_TX_IRQHandler
                0x08007cbc                I2C2_EV_IRQHandler
                0x08007cbc                FPU_IRQHandler
                0x08007cbc                TIM1_UP_TIM16_IRQHandler
                0x08007cbc                UsageFault_Handler
                0x08007cbc                ADC1_2_IRQHandler
                0x08007cbc                SPI1_IRQHandler
                0x08007cbc                CAN_SCE_IRQHandler
                0x08007cbc                TIM8_UP_IRQHandler
                0x08007cbc                DMA2_Channel2_IRQHandler
                0x08007cbc                DMA1_Channel4_IRQHandler
                0x08007cbc                USART3_IRQHandler
                0x08007cbc                DMA1_Channel7_IRQHandler
                0x08007cbc                UART5_IRQHandler
                0x08007cbc                ADC3_IRQHandler
                0x08007cbc                TIM4_IRQHandler
                0x08007cbc                CAN_RX1_IRQHandler
                0x08007cbc                DMA2_Channel1_IRQHandler
                0x08007cbc                I2C1_EV_IRQHandler
                0x08007cbc                DMA1_Channel6_IRQHandler
                0x08007cbc                UART4_IRQHandler
                0x08007cbc                DMA2_Channel4_IRQHandler
                0x08007cbc                TIM3_IRQHandler
                0x08007cbc                RCC_IRQHandler
                0x08007cbc                DMA1_Channel1_IRQHandler
                0x08007cbc                Default_Handler
                0x08007cbc                USBWakeUp_RMP_IRQHandler
                0x08007cbc                EXTI15_10_IRQHandler
                0x08007cbc                TIM7_IRQHandler
                0x08007cbc                EXTI9_5_IRQHandler
                0x08007cbc                RTC_WKUP_IRQHandler
                0x08007cbc                SPI2_IRQHandler
                0x08007cbc                USB_LP_CAN_RX0_IRQHandler
                0x08007cbc                MemManage_Handler
                0x08007cbc                SVC_Handler
                0x08007cbc                DMA2_Channel5_IRQHandler
                0x08007cbc                DMA1_Channel5_IRQHandler
                0x08007cbc                USB_LP_IRQHandler
                0x08007cbc                TIM1_TRG_COM_TIM17_IRQHandler
                0x08007cbc                DMA1_Channel3_IRQHandler
                0x08007cbc                ADC4_IRQHandler
                0x08007cbc                WWDG_IRQHandler
                0x08007cbc                TIM2_IRQHandler
                0x08007cbc                COMP7_IRQHandler
                0x08007cbc                COMP1_2_3_IRQHandler
                0x08007cbc                EXTI1_IRQHandler
                0x08007cbc                USART2_IRQHandler
                0x08007cbc                COMP4_5_6_IRQHandler
                0x08007cbc                I2C2_ER_IRQHandler
                0x08007cbc                DMA1_Channel2_IRQHandler
                0x08007cbc                TIM8_BRK_IRQHandler
                0x08007cbc                FLASH_IRQHandler
                0x08007cbc                BusFault_Handler
                0x08007cbc                USART1_IRQHandler
                0x08007cbc                SPI3_IRQHandler
                0x08007cbc                I2C1_ER_IRQHandler
                0x08007cbc                USBWakeUp_IRQHandler
                0x08007cbc                DMA2_Channel3_IRQHandler
                0x08007cbc                TIM1_BRK_TIM15_IRQHandler
 *fill*         0x08007cbe        0x2 
 .text.startup  0x08007cc0       0x5c Autonomous_Parallel_Parking.o
                0x08007cc0                main
 .text.printf   0x08007d1c       0x28 c:/users/john/sandbox/gcc-arm-none-eabi-5_4-2016q3/bin/../lib/gcc/arm-none-eabi/5.4.1/../../../../arm-none-eabi/lib/armv7e-m/fpu\libc.a(lib_a-printf.o)
                0x08007d1c                printf
 .text.setvbuf  0x08007d44      0x150 c:/users/john/sandbox/gcc-arm-none-eabi-5_4-2016q3/bin/../lib/gcc/arm-none-eabi/5.4.1/../../../../arm-none-eabi/lib/armv7e-m/fpu\libc.a(lib_a-setvbuf.o)
                0x08007d44                setvbuf
 *fill*         0x08007e94        0x4 
 .text._vfprintf_r
                0x08007e98     0x1728 c:/users/john/sandbox/gcc-arm-none-eabi-5_4-2016q3/bin/../lib/gcc/arm-none-eabi/5.4.1/../../../../arm-none-eabi/lib/armv7e-m/fpu\libc.a(lib_a-vfprintf.o)
                0x08007e98                _vfprintf_r
 .text.__sbprintf
                0x080095c0       0x6c c:/users/john/sandbox/gcc-arm-none-eabi-5_4-2016q3/bin/../lib/gcc/arm-none-eabi/5.4.1/../../../../arm-none-eabi/lib/armv7e-m/fpu\libc.a(lib_a-vfprintf.o)
 .text.__swsetup_r
                0x0800962c       0xc8 c:/users/john/sandbox/gcc-arm-none-eabi-5_4-2016q3/bin/../lib/gcc/arm-none-eabi/5.4.1/../../../../arm-none-eabi/lib/armv7e-m/fpu\libc.a(lib_a-wsetup.o)
                0x0800962c                __swsetup_r
 .text.quorem   0x080096f4      0x128 c:/users/john/sandbox/gcc-arm-none-eabi-5_4-2016q3/bin/../lib/gcc/arm-none-eabi/5.4.1/../../../../arm-none-eabi/lib/armv7e-m/fpu\libc.a(lib_a-dtoa.o)
 *fill*         0x0800981c        0x4 
 .text._dtoa_r  0x08009820      0xe34 c:/users/john/sandbox/gcc-arm-none-eabi-5_4-2016q3/bin/../lib/gcc/arm-none-eabi/5.4.1/../../../../arm-none-eabi/lib/armv7e-m/fpu\libc.a(lib_a-dtoa.o)
                0x08009820                _dtoa_r
 .text.__sflush_r
                0x0800a654      0x148 c:/users/john/sandbox/gcc-arm-none-eabi-5_4-2016q3/bin/../lib/gcc/arm-none-eabi/5.4.1/../../../../arm-none-eabi/lib/armv7e-m/fpu\libc.a(lib_a-fflush.o)
                0x0800a654                __sflush_r
 .text._fflush_r
                0x0800a79c       0x2c c:/users/john/sandbox/gcc-arm-none-eabi-5_4-2016q3/bin/../lib/gcc/arm-none-eabi/5.4.1/../../../../arm-none-eabi/lib/armv7e-m/fpu\libc.a(lib_a-fflush.o)
                0x0800a79c                _fflush_r
 .text._cleanup_r
                0x0800a7c8        0xc c:/users/john/sandbox/gcc-arm-none-eabi-5_4-2016q3/bin/../lib/gcc/arm-none-eabi/5.4.1/../../../../arm-none-eabi/lib/armv7e-m/fpu\libc.a(lib_a-findfp.o)
                0x0800a7c8                _cleanup_r
 .text.__sinit.part.1
                0x0800a7d4       0xf0 c:/users/john/sandbox/gcc-arm-none-eabi-5_4-2016q3/bin/../lib/gcc/arm-none-eabi/5.4.1/../../../../arm-none-eabi/lib/armv7e-m/fpu\libc.a(lib_a-findfp.o)
 .text.__sinit  0x0800a8c4        0xc c:/users/john/sandbox/gcc-arm-none-eabi-5_4-2016q3/bin/../lib/gcc/arm-none-eabi/5.4.1/../../../../arm-none-eabi/lib/armv7e-m/fpu\libc.a(lib_a-findfp.o)
                0x0800a8c4                __sinit
 .text.__sfp_lock_acquire
                0x0800a8d0        0x4 c:/users/john/sandbox/gcc-arm-none-eabi-5_4-2016q3/bin/../lib/gcc/arm-none-eabi/5.4.1/../../../../arm-none-eabi/lib/armv7e-m/fpu\libc.a(lib_a-findfp.o)
                0x0800a8d0                __sfp_lock_acquire
 .text.__sfp_lock_release
                0x0800a8d4        0x4 c:/users/john/sandbox/gcc-arm-none-eabi-5_4-2016q3/bin/../lib/gcc/arm-none-eabi/5.4.1/../../../../arm-none-eabi/lib/armv7e-m/fpu\libc.a(lib_a-findfp.o)
                0x0800a8d4                __sfp_lock_release
 .text._malloc_trim_r
                0x0800a8d8       0x9c c:/users/john/sandbox/gcc-arm-none-eabi-5_4-2016q3/bin/../lib/gcc/arm-none-eabi/5.4.1/../../../../arm-none-eabi/lib/armv7e-m/fpu\libc.a(lib_a-freer.o)
                0x0800a8d8                _malloc_trim_r
 .text._free_r  0x0800a974      0x1d0 c:/users/john/sandbox/gcc-arm-none-eabi-5_4-2016q3/bin/../lib/gcc/arm-none-eabi/5.4.1/../../../../arm-none-eabi/lib/armv7e-m/fpu\libc.a(lib_a-freer.o)
                0x0800a974                _free_r
 .text._fwalk_reent
                0x0800ab44       0x54 c:/users/john/sandbox/gcc-arm-none-eabi-5_4-2016q3/bin/../lib/gcc/arm-none-eabi/5.4.1/../../../../arm-none-eabi/lib/armv7e-m/fpu\libc.a(lib_a-fwalk.o)
                0x0800ab44                _fwalk_reent
 .text._localeconv_r
                0x0800ab98       0x1c c:/users/john/sandbox/gcc-arm-none-eabi-5_4-2016q3/bin/../lib/gcc/arm-none-eabi/5.4.1/../../../../arm-none-eabi/lib/armv7e-m/fpu\libc.a(lib_a-localeconv.o)
                0x0800ab98                _localeconv_r
 .text.__swhatbuf_r
                0x0800abb4       0x60 c:/users/john/sandbox/gcc-arm-none-eabi-5_4-2016q3/bin/../lib/gcc/arm-none-eabi/5.4.1/../../../../arm-none-eabi/lib/armv7e-m/fpu\libc.a(lib_a-makebuf.o)
                0x0800abb4                __swhatbuf_r
 .text.__smakebuf_r
                0x0800ac14       0x88 c:/users/john/sandbox/gcc-arm-none-eabi-5_4-2016q3/bin/../lib/gcc/arm-none-eabi/5.4.1/../../../../arm-none-eabi/lib/armv7e-m/fpu\libc.a(lib_a-makebuf.o)
                0x0800ac14                __smakebuf_r
 .text.malloc   0x0800ac9c       0x10 c:/users/john/sandbox/gcc-arm-none-eabi-5_4-2016q3/bin/../lib/gcc/arm-none-eabi/5.4.1/../../../../arm-none-eabi/lib/armv7e-m/fpu\libc.a(lib_a-malloc.o)
                0x0800ac9c                malloc
 .text._malloc_r
                0x0800acac      0x570 c:/users/john/sandbox/gcc-arm-none-eabi-5_4-2016q3/bin/../lib/gcc/arm-none-eabi/5.4.1/../../../../arm-none-eabi/lib/armv7e-m/fpu\libc.a(lib_a-mallocr.o)
                0x0800acac                _malloc_r
 .text.__malloc_lock
                0x0800b21c        0x4 c:/users/john/sandbox/gcc-arm-none-eabi-5_4-2016q3/bin/../lib/gcc/arm-none-eabi/5.4.1/../../../../arm-none-eabi/lib/armv7e-m/fpu\libc.a(lib_a-mlock.o)
                0x0800b21c                __malloc_lock
 .text.__malloc_unlock
                0x0800b220        0x4 c:/users/john/sandbox/gcc-arm-none-eabi-5_4-2016q3/bin/../lib/gcc/arm-none-eabi/5.4.1/../../../../arm-none-eabi/lib/armv7e-m/fpu\libc.a(lib_a-mlock.o)
                0x0800b220                __malloc_unlock
 .text._Balloc  0x0800b224       0x4c c:/users/john/sandbox/gcc-arm-none-eabi-5_4-2016q3/bin/../lib/gcc/arm-none-eabi/5.4.1/../../../../arm-none-eabi/lib/armv7e-m/fpu\libc.a(lib_a-mprec.o)
                0x0800b224                _Balloc
 .text._Bfree   0x0800b270       0x14 c:/users/john/sandbox/gcc-arm-none-eabi-5_4-2016q3/bin/../lib/gcc/arm-none-eabi/5.4.1/../../../../arm-none-eabi/lib/armv7e-m/fpu\libc.a(lib_a-mprec.o)
                0x0800b270                _Bfree
 .text.__multadd
                0x0800b284       0x80 c:/users/john/sandbox/gcc-arm-none-eabi-5_4-2016q3/bin/../lib/gcc/arm-none-eabi/5.4.1/../../../../arm-none-eabi/lib/armv7e-m/fpu\libc.a(lib_a-mprec.o)
                0x0800b284                __multadd
 .text.__hi0bits
                0x0800b304       0x40 c:/users/john/sandbox/gcc-arm-none-eabi-5_4-2016q3/bin/../lib/gcc/arm-none-eabi/5.4.1/../../../../arm-none-eabi/lib/armv7e-m/fpu\libc.a(lib_a-mprec.o)
                0x0800b304                __hi0bits
 .text.__lo0bits
                0x0800b344       0x5c c:/users/john/sandbox/gcc-arm-none-eabi-5_4-2016q3/bin/../lib/gcc/arm-none-eabi/5.4.1/../../../../arm-none-eabi/lib/armv7e-m/fpu\libc.a(lib_a-mprec.o)
                0x0800b344                __lo0bits
 .text.__i2b    0x0800b3a0       0x14 c:/users/john/sandbox/gcc-arm-none-eabi-5_4-2016q3/bin/../lib/gcc/arm-none-eabi/5.4.1/../../../../arm-none-eabi/lib/armv7e-m/fpu\libc.a(lib_a-mprec.o)
                0x0800b3a0                __i2b
 .text.__multiply
                0x0800b3b4      0x130 c:/users/john/sandbox/gcc-arm-none-eabi-5_4-2016q3/bin/../lib/gcc/arm-none-eabi/5.4.1/../../../../arm-none-eabi/lib/armv7e-m/fpu\libc.a(lib_a-mprec.o)
                0x0800b3b4                __multiply
 .text.__pow5mult
                0x0800b4e4       0xa0 c:/users/john/sandbox/gcc-arm-none-eabi-5_4-2016q3/bin/../lib/gcc/arm-none-eabi/5.4.1/../../../../arm-none-eabi/lib/armv7e-m/fpu\libc.a(lib_a-mprec.o)
                0x0800b4e4                __pow5mult
 .text.__lshift
                0x0800b584       0xb0 c:/users/john/sandbox/gcc-arm-none-eabi-5_4-2016q3/bin/../lib/gcc/arm-none-eabi/5.4.1/../../../../arm-none-eabi/lib/armv7e-m/fpu\libc.a(lib_a-mprec.o)
                0x0800b584                __lshift
 .text.__mcmp   0x0800b634       0x44 c:/users/john/sandbox/gcc-arm-none-eabi-5_4-2016q3/bin/../lib/gcc/arm-none-eabi/5.4.1/../../../../arm-none-eabi/lib/armv7e-m/fpu\libc.a(lib_a-mprec.o)
                0x0800b634                __mcmp
 .text.__mdiff  0x0800b678      0x114 c:/users/john/sandbox/gcc-arm-none-eabi-5_4-2016q3/bin/../lib/gcc/arm-none-eabi/5.4.1/../../../../arm-none-eabi/lib/armv7e-m/fpu\libc.a(lib_a-mprec.o)
                0x0800b678                __mdiff
 .text.__d2b    0x0800b78c       0xbc c:/users/john/sandbox/gcc-arm-none-eabi-5_4-2016q3/bin/../lib/gcc/arm-none-eabi/5.4.1/../../../../arm-none-eabi/lib/armv7e-m/fpu\libc.a(lib_a-mprec.o)
                0x0800b78c                __d2b
 .text._sbrk_r  0x0800b848       0x24 c:/users/john/sandbox/gcc-arm-none-eabi-5_4-2016q3/bin/../lib/gcc/arm-none-eabi/5.4.1/../../../../arm-none-eabi/lib/armv7e-m/fpu\libc.a(lib_a-sbrkr.o)
                0x0800b848                _sbrk_r
 .text.__sread  0x0800b86c       0x24 c:/users/john/sandbox/gcc-arm-none-eabi-5_4-2016q3/bin/../lib/gcc/arm-none-eabi/5.4.1/../../../../arm-none-eabi/lib/armv7e-m/fpu\libc.a(lib_a-stdio.o)
                0x0800b86c                __sread
 .text.__swrite
                0x0800b890       0x3c c:/users/john/sandbox/gcc-arm-none-eabi-5_4-2016q3/bin/../lib/gcc/arm-none-eabi/5.4.1/../../../../arm-none-eabi/lib/armv7e-m/fpu\libc.a(lib_a-stdio.o)
                0x0800b890                __swrite
 .text.__sseek  0x0800b8cc       0x20 c:/users/john/sandbox/gcc-arm-none-eabi-5_4-2016q3/bin/../lib/gcc/arm-none-eabi/5.4.1/../../../../arm-none-eabi/lib/armv7e-m/fpu\libc.a(lib_a-stdio.o)
                0x0800b8cc                __sseek
 .text.__sclose
                0x0800b8ec        0x8 c:/users/john/sandbox/gcc-arm-none-eabi-5_4-2016q3/bin/../lib/gcc/arm-none-eabi/5.4.1/../../../../arm-none-eabi/lib/armv7e-m/fpu\libc.a(lib_a-stdio.o)
                0x0800b8ec                __sclose
 .text.__sprint_r.part.0
                0x0800b8f4       0x78 c:/users/john/sandbox/gcc-arm-none-eabi-5_4-2016q3/bin/../lib/gcc/arm-none-eabi/5.4.1/../../../../arm-none-eabi/lib/armv7e-m/fpu\libc.a(lib_a-vfiprintf.o)
 .text.__sprint_r
                0x0800b96c       0x14 c:/users/john/sandbox/gcc-arm-none-eabi-5_4-2016q3/bin/../lib/gcc/arm-none-eabi/5.4.1/../../../../arm-none-eabi/lib/armv7e-m/fpu\libc.a(lib_a-vfiprintf.o)
                0x0800b96c                __sprint_r
 .text._write_r
                0x0800b980       0x2c c:/users/john/sandbox/gcc-arm-none-eabi-5_4-2016q3/bin/../lib/gcc/arm-none-eabi/5.4.1/../../../../arm-none-eabi/lib/armv7e-m/fpu\libc.a(lib_a-writer.o)
                0x0800b980                _write_r
 .text._calloc_r
                0x0800b9ac       0x60 c:/users/john/sandbox/gcc-arm-none-eabi-5_4-2016q3/bin/../lib/gcc/arm-none-eabi/5.4.1/../../../../arm-none-eabi/lib/armv7e-m/fpu\libc.a(lib_a-callocr.o)
                0x0800b9ac                _calloc_r
 .text._close_r
                0x0800ba0c       0x24 c:/users/john/sandbox/gcc-arm-none-eabi-5_4-2016q3/bin/../lib/gcc/arm-none-eabi/5.4.1/../../../../arm-none-eabi/lib/armv7e-m/fpu\libc.a(lib_a-closer.o)
                0x0800ba0c                _close_r
 .text._fclose_r
                0x0800ba30       0x84 c:/users/john/sandbox/gcc-arm-none-eabi-5_4-2016q3/bin/../lib/gcc/arm-none-eabi/5.4.1/../../../../arm-none-eabi/lib/armv7e-m/fpu\libc.a(lib_a-fclose.o)
                0x0800ba30                _fclose_r
 .text.__fputwc
                0x0800bab4       0x98 c:/users/john/sandbox/gcc-arm-none-eabi-5_4-2016q3/bin/../lib/gcc/arm-none-eabi/5.4.1/../../../../arm-none-eabi/lib/armv7e-m/fpu\libc.a(lib_a-fputwc.o)
                0x0800bab4                __fputwc
 .text._fputwc_r
                0x0800bb4c       0x28 c:/users/john/sandbox/gcc-arm-none-eabi-5_4-2016q3/bin/../lib/gcc/arm-none-eabi/5.4.1/../../../../arm-none-eabi/lib/armv7e-m/fpu\libc.a(lib_a-fputwc.o)
                0x0800bb4c                _fputwc_r
 .text._fstat_r
                0x0800bb74       0x28 c:/users/john/sandbox/gcc-arm-none-eabi-5_4-2016q3/bin/../lib/gcc/arm-none-eabi/5.4.1/../../../../arm-none-eabi/lib/armv7e-m/fpu\libc.a(lib_a-fstatr.o)
                0x0800bb74                _fstat_r
 .text.__sfvwrite_r
                0x0800bb9c      0x304 c:/users/john/sandbox/gcc-arm-none-eabi-5_4-2016q3/bin/../lib/gcc/arm-none-eabi/5.4.1/../../../../arm-none-eabi/lib/armv7e-m/fpu\libc.a(lib_a-fvwrite.o)
                0x0800bb9c                __sfvwrite_r
 .text._isatty_r
                0x0800bea0       0x24 c:/users/john/sandbox/gcc-arm-none-eabi-5_4-2016q3/bin/../lib/gcc/arm-none-eabi/5.4.1/../../../../arm-none-eabi/lib/armv7e-m/fpu\libc.a(lib_a-isattyr.o)
                0x0800bea0                _isatty_r
 .text.__locale_mb_cur_max
                0x0800bec4       0x1c c:/users/john/sandbox/gcc-arm-none-eabi-5_4-2016q3/bin/../lib/gcc/arm-none-eabi/5.4.1/../../../../arm-none-eabi/lib/armv7e-m/fpu\libc.a(lib_a-locale.o)
                0x0800bec4                __locale_mb_cur_max
 .text._lseek_r
                0x0800bee0       0x2c c:/users/john/sandbox/gcc-arm-none-eabi-5_4-2016q3/bin/../lib/gcc/arm-none-eabi/5.4.1/../../../../arm-none-eabi/lib/armv7e-m/fpu\libc.a(lib_a-lseekr.o)
                0x0800bee0                _lseek_r
 .text.__ascii_mbtowc
                0x0800bf0c       0x2c c:/users/john/sandbox/gcc-arm-none-eabi-5_4-2016q3/bin/../lib/gcc/arm-none-eabi/5.4.1/../../../../arm-none-eabi/lib/armv7e-m/fpu\libc.a(lib_a-mbtowc_r.o)
                0x0800bf0c                __ascii_mbtowc
 .text.memmove  0x0800bf38       0xc8 c:/users/john/sandbox/gcc-arm-none-eabi-5_4-2016q3/bin/../lib/gcc/arm-none-eabi/5.4.1/../../../../arm-none-eabi/lib/armv7e-m/fpu\libc.a(lib_a-memmove.o)
                0x0800bf38                memmove
 .text._read_r  0x0800c000       0x2c c:/users/john/sandbox/gcc-arm-none-eabi-5_4-2016q3/bin/../lib/gcc/arm-none-eabi/5.4.1/../../../../arm-none-eabi/lib/armv7e-m/fpu\libc.a(lib_a-readr.o)
                0x0800c000                _read_r
 .text._realloc_r
                0x0800c02c      0x3e0 c:/users/john/sandbox/gcc-arm-none-eabi-5_4-2016q3/bin/../lib/gcc/arm-none-eabi/5.4.1/../../../../arm-none-eabi/lib/armv7e-m/fpu\libc.a(lib_a-reallocr.o)
                0x0800c02c                _realloc_r
 .text.__swbuf_r
                0x0800c40c       0xac c:/users/john/sandbox/gcc-arm-none-eabi-5_4-2016q3/bin/../lib/gcc/arm-none-eabi/5.4.1/../../../../arm-none-eabi/lib/armv7e-m/fpu\libc.a(lib_a-wbuf.o)
                0x0800c40c                __swbuf_r
 .text._wcrtomb_r
                0x0800c4b8       0x54 c:/users/john/sandbox/gcc-arm-none-eabi-5_4-2016q3/bin/../lib/gcc/arm-none-eabi/5.4.1/../../../../arm-none-eabi/lib/armv7e-m/fpu\libc.a(lib_a-wcrtomb.o)
                0x0800c4b8                _wcrtomb_r
 .text.__ascii_wctomb
                0x0800c50c       0x1c c:/users/john/sandbox/gcc-arm-none-eabi-5_4-2016q3/bin/../lib/gcc/arm-none-eabi/5.4.1/../../../../arm-none-eabi/lib/armv7e-m/fpu\libc.a(lib_a-wctomb_r.o)
                0x0800c50c                __ascii_wctomb
 *(.glue_7)
 .glue_7        0x0800c528        0x0 linker stubs
 *(.glue_7t)
 .glue_7t       0x0800c528        0x0 linker stubs
 *(.eh_frame)
 .eh_frame      0x0800c528        0x0 c:/users/john/sandbox/gcc-arm-none-eabi-5_4-2016q3/bin/../lib/gcc/arm-none-eabi/5.4.1/armv7e-m/fpu/crtbegin.o
 *(.init)
 .init          0x0800c528        0x4 c:/users/john/sandbox/gcc-arm-none-eabi-5_4-2016q3/bin/../lib/gcc/arm-none-eabi/5.4.1/armv7e-m/fpu/crti.o
                0x0800c528                _init
 .init          0x0800c52c        0x8 c:/users/john/sandbox/gcc-arm-none-eabi-5_4-2016q3/bin/../lib/gcc/arm-none-eabi/5.4.1/armv7e-m/fpu/crtn.o
 *(.fini)
 .fini          0x0800c534        0x4 c:/users/john/sandbox/gcc-arm-none-eabi-5_4-2016q3/bin/../lib/gcc/arm-none-eabi/5.4.1/armv7e-m/fpu/crti.o
                0x0800c534                _fini
 .fini          0x0800c538        0x8 c:/users/john/sandbox/gcc-arm-none-eabi-5_4-2016q3/bin/../lib/gcc/arm-none-eabi/5.4.1/armv7e-m/fpu/crtn.o
                0x0800c540                . = ALIGN (0x4)
                0x0800c540                _etext = .

.vfp11_veneer   0x0800c540        0x0
 .vfp11_veneer  0x0800c540        0x0 linker stubs

.v4_bx          0x0800c540        0x0
 .v4_bx         0x0800c540        0x0 linker stubs

.iplt           0x0800c540        0x0
 .iplt          0x0800c540        0x0 c:/users/john/sandbox/gcc-arm-none-eabi-5_4-2016q3/bin/../lib/gcc/arm-none-eabi/5.4.1/armv7e-m/fpu/crtbegin.o

.rodata         0x0800c540      0x2f0
                0x0800c540                . = ALIGN (0x4)
 *(.rodata)
 .rodata        0x0800c540        0x4 ../arch/stm32/f3/src/stm32f3xx_hal_uart.o
 .rodata        0x0800c544       0x20 ../arch/stm32/f3/src/stm32f3xx_hal_rcc.o
                0x0800c544                aPLLMULFactorTable
                0x0800c554                aPredivFactorTable
 .rodata        0x0800c564       0x18 ../arch/stm32/f3/src/CMSIS/system_stm32f3xx.o
                0x0800c564                AHBPrescTable
                0x0800c574                APBPrescTable
 *(.rodata*)
 .rodata._global_impure_ptr
                0x0800c57c        0x4 c:/users/john/sandbox/gcc-arm-none-eabi-5_4-2016q3/bin/../lib/gcc/arm-none-eabi/5.4.1/../../../../arm-none-eabi/lib/armv7e-m/fpu\libc.a(lib_a-impure.o)
                0x0800c57c                _global_impure_ptr
 .rodata.str1.4
                0x0800c580        0x3 user_source/motion.o
 *fill*         0x0800c583        0x1 
 .rodata.str1.4
                0x0800c584       0x22 user_source/hal_interface/newlib_stubs.o
 .rodata.str1.4
                0x0800c5a6        0x3 user_source/hal_interface/interrupts.o
 *fill*         0x0800c5a6        0x2 
 .rodata.zeroes.7273
                0x0800c5a8       0x10 c:/users/john/sandbox/gcc-arm-none-eabi-5_4-2016q3/bin/../lib/gcc/arm-none-eabi/5.4.1/../../../../arm-none-eabi/lib/armv7e-m/fpu\libc.a(lib_a-vfprintf.o)
 .rodata.str1.4
                0x0800c5b8       0x42 c:/users/john/sandbox/gcc-arm-none-eabi-5_4-2016q3/bin/../lib/gcc/arm-none-eabi/5.4.1/../../../../arm-none-eabi/lib/armv7e-m/fpu\libc.a(lib_a-vfprintf.o)
 *fill*         0x0800c5fa        0x2 
 .rodata.blanks.7272
                0x0800c5fc       0x10 c:/users/john/sandbox/gcc-arm-none-eabi-5_4-2016q3/bin/../lib/gcc/arm-none-eabi/5.4.1/../../../../arm-none-eabi/lib/armv7e-m/fpu\libc.a(lib_a-vfprintf.o)
 .rodata.str1.4
                0x0800c60c       0x10 c:/users/john/sandbox/gcc-arm-none-eabi-5_4-2016q3/bin/../lib/gcc/arm-none-eabi/5.4.1/../../../../arm-none-eabi/lib/armv7e-m/fpu\libc.a(lib_a-dtoa.o)
                                 0x12 (size before relaxing)
 *fill*         0x0800c61c        0x4 
 .rodata.__mprec_tens
                0x0800c620       0xc8 c:/users/john/sandbox/gcc-arm-none-eabi-5_4-2016q3/bin/../lib/gcc/arm-none-eabi/5.4.1/../../../../arm-none-eabi/lib/armv7e-m/fpu\libc.a(lib_a-mprec.o)
                0x0800c620                __mprec_tens
 .rodata.__mprec_bigtens
                0x0800c6e8       0x28 c:/users/john/sandbox/gcc-arm-none-eabi-5_4-2016q3/bin/../lib/gcc/arm-none-eabi/5.4.1/../../../../arm-none-eabi/lib/armv7e-m/fpu\libc.a(lib_a-mprec.o)
                0x0800c6e8                __mprec_bigtens
 .rodata.p05.6087
                0x0800c710        0xc c:/users/john/sandbox/gcc-arm-none-eabi-5_4-2016q3/bin/../lib/gcc/arm-none-eabi/5.4.1/../../../../arm-none-eabi/lib/armv7e-m/fpu\libc.a(lib_a-mprec.o)
 .rodata.str1.4
                0x0800c71c       0x10 c:/users/john/sandbox/gcc-arm-none-eabi-5_4-2016q3/bin/../lib/gcc/arm-none-eabi/5.4.1/../../../../arm-none-eabi/lib/armv7e-m/fpu\libc.a(lib_a-locale.o)
                                 0x12 (size before relaxing)
 .rodata._ctype_
                0x0800c72c      0x101 c:/users/john/sandbox/gcc-arm-none-eabi-5_4-2016q3/bin/../lib/gcc/arm-none-eabi/5.4.1/../../../../arm-none-eabi/lib/armv7e-m/fpu\libc.a(lib_a-ctype_.o)
                0x0800c72c                _ctype_
                0x0800c830                . = ALIGN (0x4)
 *fill*         0x0800c82d        0x3 

.ARM.extab
 *(.ARM.extab* .gnu.linkonce.armextab.*)

.ARM            0x0800c830        0x8
                0x0800c830                __exidx_start = .
 *(.ARM.exidx*)
 .ARM.exidx     0x0800c830        0x8 c:/users/john/sandbox/gcc-arm-none-eabi-5_4-2016q3/bin/../lib/gcc/arm-none-eabi/5.4.1/armv7e-m/fpu\libgcc.a(_udivmoddi4.o)
                0x0800c838                __exidx_end = .

.rel.dyn        0x0800c838        0x0
 .rel.iplt      0x0800c838        0x0 c:/users/john/sandbox/gcc-arm-none-eabi-5_4-2016q3/bin/../lib/gcc/arm-none-eabi/5.4.1/armv7e-m/fpu/crtbegin.o

.preinit_array  0x0800c838        0x0
                0x0800c838                PROVIDE (__preinit_array_start, .)
 *(.preinit_array*)
                0x0800c838                PROVIDE (__preinit_array_end, .)

.init_array     0x0800c838        0x8
                0x0800c838                PROVIDE (__init_array_start, .)
 *(SORT(.init_array.*))
 .init_array.00000
                0x0800c838        0x4 c:/users/john/sandbox/gcc-arm-none-eabi-5_4-2016q3/bin/../lib/gcc/arm-none-eabi/5.4.1/../../../../arm-none-eabi/lib/armv7e-m/fpu\libc.a(lib_a-__call_atexit.o)
 *(.init_array*)
 .init_array    0x0800c83c        0x4 c:/users/john/sandbox/gcc-arm-none-eabi-5_4-2016q3/bin/../lib/gcc/arm-none-eabi/5.4.1/armv7e-m/fpu/crtbegin.o
                0x0800c840                PROVIDE (__init_array_end, .)

.fini_array     0x0800c840        0x4
                0x0800c840                PROVIDE (__fini_array_start, .)
 *(SORT(.fini_array.*))
 *(.fini_array*)
 .fini_array    0x0800c840        0x4 c:/users/john/sandbox/gcc-arm-none-eabi-5_4-2016q3/bin/../lib/gcc/arm-none-eabi/5.4.1/armv7e-m/fpu/crtbegin.o
                0x0800c844                PROVIDE (__fini_array_end, .)
                0x0800c844                _sidata = LOADADDR (.data)

.data           0x20000000      0x9b0 load address 0x0800c844
                0x20000000                . = ALIGN (0x4)
                0x20000000                _sdata = .
 *(.data)
 .data          0x20000000        0x4 ../arch/stm32/f3/src/CMSIS/system_stm32f3xx.o
                0x20000000                SystemCoreClock
 *(.data*)
 *fill*         0x20000004        0x4 
 .data.impure_data
                0x20000008      0x428 c:/users/john/sandbox/gcc-arm-none-eabi-5_4-2016q3/bin/../lib/gcc/arm-none-eabi/5.4.1/../../../../arm-none-eabi/lib/armv7e-m/fpu\libc.a(lib_a-impure.o)
 .data._impure_ptr
                0x20000430        0x4 c:/users/john/sandbox/gcc-arm-none-eabi-5_4-2016q3/bin/../lib/gcc/arm-none-eabi/5.4.1/../../../../arm-none-eabi/lib/armv7e-m/fpu\libc.a(lib_a-impure.o)
                0x20000430                _impure_ptr
 .data.__malloc_av_
                0x20000434      0x408 c:/users/john/sandbox/gcc-arm-none-eabi-5_4-2016q3/bin/../lib/gcc/arm-none-eabi/5.4.1/../../../../arm-none-eabi/lib/armv7e-m/fpu\libc.a(lib_a-mallocr.o)
                0x20000434                __malloc_av_
 .data.__malloc_trim_threshold
                0x2000083c        0x4 c:/users/john/sandbox/gcc-arm-none-eabi-5_4-2016q3/bin/../lib/gcc/arm-none-eabi/5.4.1/../../../../arm-none-eabi/lib/armv7e-m/fpu\libc.a(lib_a-mallocr.o)
                0x2000083c                __malloc_trim_threshold
 .data.__malloc_sbrk_base
                0x20000840        0x4 c:/users/john/sandbox/gcc-arm-none-eabi-5_4-2016q3/bin/../lib/gcc/arm-none-eabi/5.4.1/../../../../arm-none-eabi/lib/armv7e-m/fpu\libc.a(lib_a-mallocr.o)
                0x20000840                __malloc_sbrk_base
 .data.__global_locale
                0x20000844      0x16c c:/users/john/sandbox/gcc-arm-none-eabi-5_4-2016q3/bin/../lib/gcc/arm-none-eabi/5.4.1/../../../../arm-none-eabi/lib/armv7e-m/fpu\libc.a(lib_a-locale.o)
                0x20000844                __global_locale
                0x200009b0                . = ALIGN (0x4)
                0x200009b0                _edata = .
                0x0800d1f4                _siccmram = LOADADDR (.ccmram)

.jcr            0x200009b0        0x0 load address 0x0800d1f4
 .jcr           0x200009b0        0x0 c:/users/john/sandbox/gcc-arm-none-eabi-5_4-2016q3/bin/../lib/gcc/arm-none-eabi/5.4.1/armv7e-m/fpu/crtbegin.o

.igot.plt       0x200009b0        0x0 load address 0x0800d1f4
 .igot.plt      0x200009b0        0x0 c:/users/john/sandbox/gcc-arm-none-eabi-5_4-2016q3/bin/../lib/gcc/arm-none-eabi/5.4.1/armv7e-m/fpu/crtbegin.o

.ccmram         0x10000000        0x0 load address 0x0800d1f4
                0x10000000                . = ALIGN (0x4)
                0x10000000                _sccmram = .
 *(.ccmram)
 *(.ccmram*)
                0x10000000                . = ALIGN (0x4)
                0x10000000                _eccmram = .
                0x10000000                . = ALIGN (0x4)

.bss            0x200009b0      0x304
                0x200009b0                _sbss = .
                0x200009b0                __bss_start__ = _sbss
 *(.bss)
 .bss           0x200009b0       0x1c c:/users/john/sandbox/gcc-arm-none-eabi-5_4-2016q3/bin/../lib/gcc/arm-none-eabi/5.4.1/armv7e-m/fpu/crtbegin.o
 .bss           0x200009cc        0xc user_source/state_machine.o
                0x200009cc                g_ldip
                0x200009cd                g_lrise
                0x200009ce                g_parking_dir
                0x200009cf                g_rdip
                0x200009d0                g_rrise
                0x200009d4                g_exit_counter
 .bss           0x200009d8        0x8 user_source/encoder.o
                0x200009d8                g_leftEncoderCount
                0x200009dc                g_rightEncoderCount
 .bss           0x200009e0       0x10 user_source/sensor_timer.o
                0x200009e0                g_inches_f
                0x200009e4                g_inches_l
                0x200009e8                g_inches_r
                0x200009ec                g_counter
 .bss           0x200009f0       0x14 user_source/hal_interface/pin_setup.o
 .bss           0x20000a04        0x8 user_source/hal_interface/newlib_stubs.o
                0x20000a08                __env
 *(.bss*)
 .bss.__malloc_max_total_mem
                0x20000a0c        0x4 c:/users/john/sandbox/gcc-arm-none-eabi-5_4-2016q3/bin/../lib/gcc/arm-none-eabi/5.4.1/../../../../arm-none-eabi/lib/armv7e-m/fpu\libc.a(lib_a-mallocr.o)
                0x20000a0c                __malloc_max_total_mem
 .bss.__malloc_max_sbrked_mem
                0x20000a10        0x4 c:/users/john/sandbox/gcc-arm-none-eabi-5_4-2016q3/bin/../lib/gcc/arm-none-eabi/5.4.1/../../../../arm-none-eabi/lib/armv7e-m/fpu\libc.a(lib_a-mallocr.o)
                0x20000a10                __malloc_max_sbrked_mem
 .bss.__malloc_top_pad
                0x20000a14        0x4 c:/users/john/sandbox/gcc-arm-none-eabi-5_4-2016q3/bin/../lib/gcc/arm-none-eabi/5.4.1/../../../../arm-none-eabi/lib/armv7e-m/fpu\libc.a(lib_a-mallocr.o)
                0x20000a14                __malloc_top_pad
 .bss.__malloc_current_mallinfo
                0x20000a18       0x28 c:/users/john/sandbox/gcc-arm-none-eabi-5_4-2016q3/bin/../lib/gcc/arm-none-eabi/5.4.1/../../../../arm-none-eabi/lib/armv7e-m/fpu\libc.a(lib_a-mallocr.o)
                0x20000a18                __malloc_current_mallinfo
 *(COMMON)
 COMMON         0x20000a40       0x40 ../arch/stm32/f3/src/stm32f3xx_hal_timebase_tim.o
                0x20000a40                TimHandle
 COMMON         0x20000a80        0x4 ../arch/stm32/f3/src/stm32f3xx_hal.o
                0x20000a80                uwTick
 COMMON         0x20000a84        0xc user_source/state_machine.o
                0x20000a84                g_old_ld
                0x20000a88                g_old_rd
                0x20000a8c                g_current_state
 COMMON         0x20000a90       0x40 user_source/sensor_timer.o
                0x20000a90                s_TimerInstance
 COMMON         0x20000ad0       0x70 user_source/hal_interface/uart_hal.o
                0x20000ad0                UartHandle
 COMMON         0x20000b40      0x170 user_source/hal_interface/pwm_hal.o
                0x20000b40                tim_init1
                0x20000b80                tim2_conf3
                0x20000b9c                tim2_conf1
                0x20000bb8                tim_init4
                0x20000bf8                tim_init2
                0x20000c38                tim2_conf4
                0x20000c54                tim2_conf2
                0x20000c70                tim_init3
 COMMON         0x20000cb0        0x4 c:/users/john/sandbox/gcc-arm-none-eabi-5_4-2016q3/bin/../lib/gcc/arm-none-eabi/5.4.1/../../../../arm-none-eabi/lib/armv7e-m/fpu\libc.a(lib_a-reent.o)
                0x20000cb0                errno
                0x20000cb4                . = ALIGN (0x4)
                0x20000cb4                _ebss = .
                0x20000cb4                __bss_end__ = _ebss

._user_heap_stack
                0x20000cb4      0x600
                0x20000cb4                . = ALIGN (0x4)
                [!provide]                PROVIDE (end, .)
                [!provide]                PROVIDE (_end, .)
                0x20000eb4                . = (. + _Min_Heap_Size)
 *fill*         0x20000cb4      0x200 
                0x200012b4                . = (. + _Min_Stack_Size)
 *fill*         0x20000eb4      0x400 
                0x200012b4                . = ALIGN (0x4)

/DISCARD/
 libc.a(*)
 libm.a(*)
 libgcc.a(*)

.ARM.attributes
                0x00000000       0x30
 *(.ARM.attributes)
 .ARM.attributes
                0x00000000       0x22 c:/users/john/sandbox/gcc-arm-none-eabi-5_4-2016q3/bin/../lib/gcc/arm-none-eabi/5.4.1/armv7e-m/fpu/crti.o
 .ARM.attributes
                0x00000022       0x34 c:/users/john/sandbox/gcc-arm-none-eabi-5_4-2016q3/bin/../lib/gcc/arm-none-eabi/5.4.1/armv7e-m/fpu/crtbegin.o
 .ARM.attributes
                0x00000056       0x39 ../arch/stm32/f3/src/stm32f3xx_hal_msp.o
 .ARM.attributes
                0x0000008f       0x39 ../arch/stm32/f3/src/stm32f3xx_hal_timebase_tim.o
 .ARM.attributes
                0x000000c8       0x39 ../arch/stm32/f3/src/stm32f3xx_hal_uart.o
 .ARM.attributes
                0x00000101       0x39 ../arch/stm32/f3/src/stm32f3xx_hal.o
 .ARM.attributes
                0x0000013a       0x39 ../arch/stm32/f3/src/stm32f3xx_hal_tim.o
 .ARM.attributes
                0x00000173       0x39 ../arch/stm32/f3/src/stm32f3xx_hal_uart_ex.o
 .ARM.attributes
                0x000001ac       0x39 ../arch/stm32/f3/src/stm32f3xx_hal_cortex.o
 .ARM.attributes
                0x000001e5       0x39 ../arch/stm32/f3/src/stm32f3xx_hal_dma.o
 .ARM.attributes
                0x0000021e       0x39 ../arch/stm32/f3/src/stm32f3xx_hal_tim_ex.o
 .ARM.attributes
                0x00000257       0x39 ../arch/stm32/f3/src/stm32f3xx_hal_gpio.o
 .ARM.attributes
                0x00000290       0x39 ../arch/stm32/f3/src/stm32f3xx_hal_rcc.o
 .ARM.attributes
                0x000002c9       0x39 ../arch/stm32/f3/src/CMSIS/system_stm32f3xx.o
 .ARM.attributes
                0x00000302       0x21 ../arch/stm32/f3/src/CMSIS/startup_stm32f303xc.o
 .ARM.attributes
                0x00000323       0x39 Autonomous_Parallel_Parking.o
 .ARM.attributes
                0x0000035c       0x39 user_source/state_machine.o
 .ARM.attributes
                0x00000395       0x39 user_source/encoder.o
 .ARM.attributes
                0x000003ce       0x39 user_source/uart.o
 .ARM.attributes
                0x00000407       0x39 user_source/sensor_timer.o
 .ARM.attributes
                0x00000440       0x39 user_source/motion.o
 .ARM.attributes
                0x00000479       0x39 user_source/foo.o
 .ARM.attributes
                0x000004b2       0x39 user_source/hal_interface/uart_hal.o
 .ARM.attributes
                0x000004eb       0x39 user_source/hal_interface/cpu.o
 .ARM.attributes
                0x00000524       0x39 user_source/hal_interface/pin_setup.o
 .ARM.attributes
                0x0000055d       0x39 user_source/hal_interface/pwm_hal.o
 .ARM.attributes
                0x00000596       0x39 user_source/hal_interface/newlib_stubs.o
 .ARM.attributes
                0x000005cf       0x39 user_source/hal_interface/interrupts.o
 .ARM.attributes
                0x00000608       0x39 user_source/hal_interface/cube_hal_msp.o
 .ARM.attributes
                0x00000641       0x34 c:/users/john/sandbox/gcc-arm-none-eabi-5_4-2016q3/bin/../lib/gcc/arm-none-eabi/5.4.1/../../../../arm-none-eabi/lib/armv7e-m/fpu\libc.a(lib_a-printf.o)
 .ARM.attributes
                0x00000675       0x34 c:/users/john/sandbox/gcc-arm-none-eabi-5_4-2016q3/bin/../lib/gcc/arm-none-eabi/5.4.1/../../../../arm-none-eabi/lib/armv7e-m/fpu\libc.a(lib_a-reent.o)
 .ARM.attributes
                0x000006a9       0x34 c:/users/john/sandbox/gcc-arm-none-eabi-5_4-2016q3/bin/../lib/gcc/arm-none-eabi/5.4.1/../../../../arm-none-eabi/lib/armv7e-m/fpu\libc.a(lib_a-setvbuf.o)
 .ARM.attributes
                0x000006dd       0x34 c:/users/john/sandbox/gcc-arm-none-eabi-5_4-2016q3/bin/../lib/gcc/arm-none-eabi/5.4.1/../../../../arm-none-eabi/lib/armv7e-m/fpu\libc.a(lib_a-vfprintf.o)
 .ARM.attributes
                0x00000711       0x34 c:/users/john/sandbox/gcc-arm-none-eabi-5_4-2016q3/bin/../lib/gcc/arm-none-eabi/5.4.1/../../../../arm-none-eabi/lib/armv7e-m/fpu\libc.a(lib_a-wsetup.o)
 .ARM.attributes
                0x00000745       0x34 c:/users/john/sandbox/gcc-arm-none-eabi-5_4-2016q3/bin/../lib/gcc/arm-none-eabi/5.4.1/../../../../arm-none-eabi/lib/armv7e-m/fpu\libc.a(lib_a-dtoa.o)
 .ARM.attributes
                0x00000779       0x34 c:/users/john/sandbox/gcc-arm-none-eabi-5_4-2016q3/bin/../lib/gcc/arm-none-eabi/5.4.1/../../../../arm-none-eabi/lib/armv7e-m/fpu\libc.a(lib_a-fflush.o)
 .ARM.attributes
                0x000007ad       0x34 c:/users/john/sandbox/gcc-arm-none-eabi-5_4-2016q3/bin/../lib/gcc/arm-none-eabi/5.4.1/../../../../arm-none-eabi/lib/armv7e-m/fpu\libc.a(lib_a-findfp.o)
 .ARM.attributes
                0x000007e1       0x34 c:/users/john/sandbox/gcc-arm-none-eabi-5_4-2016q3/bin/../lib/gcc/arm-none-eabi/5.4.1/../../../../arm-none-eabi/lib/armv7e-m/fpu\libc.a(lib_a-freer.o)
 .ARM.attributes
                0x00000815       0x34 c:/users/john/sandbox/gcc-arm-none-eabi-5_4-2016q3/bin/../lib/gcc/arm-none-eabi/5.4.1/../../../../arm-none-eabi/lib/armv7e-m/fpu\libc.a(lib_a-fwalk.o)
 .ARM.attributes
                0x00000849       0x34 c:/users/john/sandbox/gcc-arm-none-eabi-5_4-2016q3/bin/../lib/gcc/arm-none-eabi/5.4.1/../../../../arm-none-eabi/lib/armv7e-m/fpu\libc.a(lib_a-localeconv.o)
 .ARM.attributes
                0x0000087d       0x34 c:/users/john/sandbox/gcc-arm-none-eabi-5_4-2016q3/bin/../lib/gcc/arm-none-eabi/5.4.1/../../../../arm-none-eabi/lib/armv7e-m/fpu\libc.a(lib_a-makebuf.o)
 .ARM.attributes
                0x000008b1       0x34 c:/users/john/sandbox/gcc-arm-none-eabi-5_4-2016q3/bin/../lib/gcc/arm-none-eabi/5.4.1/../../../../arm-none-eabi/lib/armv7e-m/fpu\libc.a(lib_a-malloc.o)
 .ARM.attributes
                0x000008e5       0x34 c:/users/john/sandbox/gcc-arm-none-eabi-5_4-2016q3/bin/../lib/gcc/arm-none-eabi/5.4.1/../../../../arm-none-eabi/lib/armv7e-m/fpu\libc.a(lib_a-mallocr.o)
 .ARM.attributes
                0x00000919       0x20 c:/users/john/sandbox/gcc-arm-none-eabi-5_4-2016q3/bin/../lib/gcc/arm-none-eabi/5.4.1/../../../../arm-none-eabi/lib/armv7e-m/fpu\libc.a(lib_a-memchr.o)
 .ARM.attributes
                0x00000939       0x20 c:/users/john/sandbox/gcc-arm-none-eabi-5_4-2016q3/bin/../lib/gcc/arm-none-eabi/5.4.1/../../../../arm-none-eabi/lib/armv7e-m/fpu\libc.a(lib_a-memcpy.o)
 .ARM.attributes
                0x00000959       0x34 c:/users/john/sandbox/gcc-arm-none-eabi-5_4-2016q3/bin/../lib/gcc/arm-none-eabi/5.4.1/../../../../arm-none-eabi/lib/armv7e-m/fpu\libc.a(lib_a-mlock.o)
 .ARM.attributes
                0x0000098d       0x34 c:/users/john/sandbox/gcc-arm-none-eabi-5_4-2016q3/bin/../lib/gcc/arm-none-eabi/5.4.1/../../../../arm-none-eabi/lib/armv7e-m/fpu\libc.a(lib_a-mprec.o)
 .ARM.attributes
                0x000009c1       0x34 c:/users/john/sandbox/gcc-arm-none-eabi-5_4-2016q3/bin/../lib/gcc/arm-none-eabi/5.4.1/../../../../arm-none-eabi/lib/armv7e-m/fpu\libc.a(lib_a-sbrkr.o)
 .ARM.attributes
                0x000009f5       0x34 c:/users/john/sandbox/gcc-arm-none-eabi-5_4-2016q3/bin/../lib/gcc/arm-none-eabi/5.4.1/../../../../arm-none-eabi/lib/armv7e-m/fpu\libc.a(lib_a-stdio.o)
 .ARM.attributes
                0x00000a29       0x20 c:/users/john/sandbox/gcc-arm-none-eabi-5_4-2016q3/bin/../lib/gcc/arm-none-eabi/5.4.1/../../../../arm-none-eabi/lib/armv7e-m/fpu\libc.a(lib_a-strlen.o)
 .ARM.attributes
                0x00000a49       0x34 c:/users/john/sandbox/gcc-arm-none-eabi-5_4-2016q3/bin/../lib/gcc/arm-none-eabi/5.4.1/../../../../arm-none-eabi/lib/armv7e-m/fpu\libc.a(lib_a-vfiprintf.o)
 .ARM.attributes
                0x00000a7d       0x34 c:/users/john/sandbox/gcc-arm-none-eabi-5_4-2016q3/bin/../lib/gcc/arm-none-eabi/5.4.1/../../../../arm-none-eabi/lib/armv7e-m/fpu\libc.a(lib_a-writer.o)
 .ARM.attributes
                0x00000ab1       0x34 c:/users/john/sandbox/gcc-arm-none-eabi-5_4-2016q3/bin/../lib/gcc/arm-none-eabi/5.4.1/../../../../arm-none-eabi/lib/armv7e-m/fpu\libc.a(lib_a-callocr.o)
 .ARM.attributes
                0x00000ae5       0x34 c:/users/john/sandbox/gcc-arm-none-eabi-5_4-2016q3/bin/../lib/gcc/arm-none-eabi/5.4.1/../../../../arm-none-eabi/lib/armv7e-m/fpu\libc.a(lib_a-closer.o)
 .ARM.attributes
                0x00000b19       0x34 c:/users/john/sandbox/gcc-arm-none-eabi-5_4-2016q3/bin/../lib/gcc/arm-none-eabi/5.4.1/../../../../arm-none-eabi/lib/armv7e-m/fpu\libc.a(lib_a-fclose.o)
 .ARM.attributes
                0x00000b4d       0x34 c:/users/john/sandbox/gcc-arm-none-eabi-5_4-2016q3/bin/../lib/gcc/arm-none-eabi/5.4.1/../../../../arm-none-eabi/lib/armv7e-m/fpu\libc.a(lib_a-fputwc.o)
 .ARM.attributes
                0x00000b81       0x34 c:/users/john/sandbox/gcc-arm-none-eabi-5_4-2016q3/bin/../lib/gcc/arm-none-eabi/5.4.1/../../../../arm-none-eabi/lib/armv7e-m/fpu\libc.a(lib_a-fstatr.o)
 .ARM.attributes
                0x00000bb5       0x34 c:/users/john/sandbox/gcc-arm-none-eabi-5_4-2016q3/bin/../lib/gcc/arm-none-eabi/5.4.1/../../../../arm-none-eabi/lib/armv7e-m/fpu\libc.a(lib_a-fvwrite.o)
 .ARM.attributes
                0x00000be9       0x34 c:/users/john/sandbox/gcc-arm-none-eabi-5_4-2016q3/bin/../lib/gcc/arm-none-eabi/5.4.1/../../../../arm-none-eabi/lib/armv7e-m/fpu\libc.a(lib_a-isattyr.o)
 .ARM.attributes
                0x00000c1d       0x34 c:/users/john/sandbox/gcc-arm-none-eabi-5_4-2016q3/bin/../lib/gcc/arm-none-eabi/5.4.1/../../../../arm-none-eabi/lib/armv7e-m/fpu\libc.a(lib_a-locale.o)
 .ARM.attributes
                0x00000c51       0x34 c:/users/john/sandbox/gcc-arm-none-eabi-5_4-2016q3/bin/../lib/gcc/arm-none-eabi/5.4.1/../../../../arm-none-eabi/lib/armv7e-m/fpu\libc.a(lib_a-lseekr.o)
 .ARM.attributes
                0x00000c85       0x34 c:/users/john/sandbox/gcc-arm-none-eabi-5_4-2016q3/bin/../lib/gcc/arm-none-eabi/5.4.1/../../../../arm-none-eabi/lib/armv7e-m/fpu\libc.a(lib_a-mbtowc_r.o)
 .ARM.attributes
                0x00000cb9       0x34 c:/users/john/sandbox/gcc-arm-none-eabi-5_4-2016q3/bin/../lib/gcc/arm-none-eabi/5.4.1/../../../../arm-none-eabi/lib/armv7e-m/fpu\libc.a(lib_a-memmove.o)
 .ARM.attributes
                0x00000ced       0x34 c:/users/john/sandbox/gcc-arm-none-eabi-5_4-2016q3/bin/../lib/gcc/arm-none-eabi/5.4.1/../../../../arm-none-eabi/lib/armv7e-m/fpu\libc.a(lib_a-readr.o)
 .ARM.attributes
                0x00000d21       0x34 c:/users/john/sandbox/gcc-arm-none-eabi-5_4-2016q3/bin/../lib/gcc/arm-none-eabi/5.4.1/../../../../arm-none-eabi/lib/armv7e-m/fpu\libc.a(lib_a-reallocr.o)
 .ARM.attributes
                0x00000d55       0x34 c:/users/john/sandbox/gcc-arm-none-eabi-5_4-2016q3/bin/../lib/gcc/arm-none-eabi/5.4.1/../../../../arm-none-eabi/lib/armv7e-m/fpu\libc.a(lib_a-wbuf.o)
 .ARM.attributes
                0x00000d89       0x34 c:/users/john/sandbox/gcc-arm-none-eabi-5_4-2016q3/bin/../lib/gcc/arm-none-eabi/5.4.1/../../../../arm-none-eabi/lib/armv7e-m/fpu\libc.a(lib_a-wcrtomb.o)
 .ARM.attributes
                0x00000dbd       0x34 c:/users/john/sandbox/gcc-arm-none-eabi-5_4-2016q3/bin/../lib/gcc/arm-none-eabi/5.4.1/../../../../arm-none-eabi/lib/armv7e-m/fpu\libc.a(lib_a-wctomb_r.o)
 .ARM.attributes
                0x00000df1       0x34 c:/users/john/sandbox/gcc-arm-none-eabi-5_4-2016q3/bin/../lib/gcc/arm-none-eabi/5.4.1/../../../../arm-none-eabi/lib/armv7e-m/fpu\libc.a(lib_a-ctype_.o)
 .ARM.attributes
                0x00000e25       0x22 c:/users/john/sandbox/gcc-arm-none-eabi-5_4-2016q3/bin/../lib/gcc/arm-none-eabi/5.4.1/armv7e-m/fpu\libgcc.a(_arm_addsubdf3.o)
 .ARM.attributes
                0x00000e47       0x22 c:/users/john/sandbox/gcc-arm-none-eabi-5_4-2016q3/bin/../lib/gcc/arm-none-eabi/5.4.1/armv7e-m/fpu\libgcc.a(_arm_muldivdf3.o)
 .ARM.attributes
                0x00000e69       0x22 c:/users/john/sandbox/gcc-arm-none-eabi-5_4-2016q3/bin/../lib/gcc/arm-none-eabi/5.4.1/armv7e-m/fpu\libgcc.a(_arm_cmpdf2.o)
 .ARM.attributes
                0x00000e8b       0x22 c:/users/john/sandbox/gcc-arm-none-eabi-5_4-2016q3/bin/../lib/gcc/arm-none-eabi/5.4.1/armv7e-m/fpu\libgcc.a(_arm_unorddf2.o)
 .ARM.attributes
                0x00000ead       0x22 c:/users/john/sandbox/gcc-arm-none-eabi-5_4-2016q3/bin/../lib/gcc/arm-none-eabi/5.4.1/armv7e-m/fpu\libgcc.a(_arm_fixdfsi.o)
 .ARM.attributes
                0x00000ecf       0x22 c:/users/john/sandbox/gcc-arm-none-eabi-5_4-2016q3/bin/../lib/gcc/arm-none-eabi/5.4.1/armv7e-m/fpu\libgcc.a(_aeabi_uldivmod.o)
 .ARM.attributes
                0x00000ef1       0x34 c:/users/john/sandbox/gcc-arm-none-eabi-5_4-2016q3/bin/../lib/gcc/arm-none-eabi/5.4.1/armv7e-m/fpu\libgcc.a(_udivmoddi4.o)
 .ARM.attributes
                0x00000f25       0x22 c:/users/john/sandbox/gcc-arm-none-eabi-5_4-2016q3/bin/../lib/gcc/arm-none-eabi/5.4.1/armv7e-m/fpu\libgcc.a(_dvmd_tls.o)
 .ARM.attributes
                0x00000f47       0x22 c:/users/john/sandbox/gcc-arm-none-eabi-5_4-2016q3/bin/../lib/gcc/arm-none-eabi/5.4.1/armv7e-m/fpu/crtn.o
LOAD ../arch/stm32/f3/src/stm32f3xx_ll_rcc.o
LOAD ../arch/stm32/f3/src/stm32f3xx_hal_pccard.o
LOAD ../arch/stm32/f3/src/stm32f3xx_ll_exti.o
LOAD ../arch/stm32/f3/src/stm32f3xx_hal_crc_ex.o
LOAD ../arch/stm32/f3/src/stm32f3xx_hal_rcc_ex.o
LOAD ../arch/stm32/f3/src/stm32f3xx_hal_usart.o
LOAD ../arch/stm32/f3/src/stm32f3xx_hal_i2c.o
LOAD ../arch/stm32/f3/src/stm32f3xx_ll_usart.o
LOAD ../arch/stm32/f3/src/stm32f3xx_ll_i2c.o
LOAD ../arch/stm32/f3/src/stm32f3xx_hal_dac.o
LOAD ../arch/stm32/f3/src/stm32f3xx_hal_opamp.o
LOAD ../arch/stm32/f3/src/stm32f3xx_ll_opamp.o
LOAD ../arch/stm32/f3/src/stm32f3xx_hal_adc.o
LOAD ../arch/stm32/f3/src/stm32f3xx_ll_dac.o
LOAD ../arch/stm32/f3/src/stm32f3xx_hal_i2s_ex.o
LOAD ../arch/stm32/f3/src/stm32f3xx_hal_pwr.o
LOAD ../arch/stm32/f3/src/stm32f3xx_ll_pwr.o
LOAD ../arch/stm32/f3/src/stm32f3xx_hal_dac_ex.o
LOAD ../arch/stm32/f3/src/stm32f3xx_hal_adc_ex.o
LOAD ../arch/stm32/f3/src/stm32f3xx_hal_pcd_ex.o
LOAD ../arch/stm32/f3/src/stm32f3xx_hal_cec.o
LOAD ../arch/stm32/f3/src/stm32f3xx_hal_pwr_ex.o
LOAD ../arch/stm32/f3/src/stm32f3xx_hal_pcd.o
LOAD ../arch/stm32/f3/src/stm32f3xx_ll_fmc.o
LOAD ../arch/stm32/f3/src/stm32f3xx_hal_comp.o
LOAD ../arch/stm32/f3/src/stm32f3xx_ll_comp.o
LOAD ../arch/stm32/f3/src/stm32f3xx_ll_spi.o
LOAD ../arch/stm32/f3/src/stm32f3xx_hal_can.o
LOAD ../arch/stm32/f3/src/stm32f3xx_hal_smartcard_ex.o
LOAD ../arch/stm32/f3/src/stm32f3xx_ll_crc.o
LOAD ../arch/stm32/f3/src/stm32f3xx_hal_iwdg.o
LOAD ../arch/stm32/f3/src/stm32f3xx_hal_nor.o
LOAD ../arch/stm32/f3/src/stm32f3xx_hal_sdadc.o
LOAD ../arch/stm32/f3/src/stm32f3xx_hal_spi_ex.o
LOAD ../arch/stm32/f3/src/stm32f3xx_ll_rtc.o
LOAD ../arch/stm32/f3/src/stm32f3xx_hal_wwdg.o
LOAD ../arch/stm32/f3/src/stm32f3xx_hal_opamp_ex.o
LOAD ../arch/stm32/f3/src/stm32f3xx_hal_smbus.o
LOAD ../arch/stm32/f3/src/stm32f3xx_hal_msp.o
LOAD ../arch/stm32/f3/src/stm32f3xx_hal_rtc_ex.o
LOAD ../arch/stm32/f3/src/stm32f3xx_hal_tsc.o
LOAD ../arch/stm32/f3/src/stm32f3xx_hal_timebase_tim.o
LOAD ../arch/stm32/f3/src/stm32f3xx_hal_uart.o
LOAD ../arch/stm32/f3/src/stm32f3xx_hal_sram.o
LOAD ../arch/stm32/f3/src/stm32f3xx_hal.o
LOAD ../arch/stm32/f3/src/stm32f3xx_hal_tim.o
LOAD ../arch/stm32/f3/src/stm32f3xx_ll_tim.o
LOAD ../arch/stm32/f3/src/stm32f3xx_hal_uart_ex.o
LOAD ../arch/stm32/f3/src/stm32f3xx_hal_cortex.o
LOAD ../arch/stm32/f3/src/stm32f3xx_hal_rtc.o
LOAD ../arch/stm32/f3/src/stm32f3xx_hal_flash.o
LOAD ../arch/stm32/f3/src/stm32f3xx_ll_utils.o
LOAD ../arch/stm32/f3/src/stm32f3xx_hal_dma.o
LOAD ../arch/stm32/f3/src/stm32f3xx_hal_tim_ex.o
LOAD ../arch/stm32/f3/src/stm32f3xx_ll_dma.o
LOAD ../arch/stm32/f3/src/stm32f3xx_hal_i2c_ex.o
LOAD ../arch/stm32/f3/src/stm32f3xx_hal_i2s.o
LOAD ../arch/stm32/f3/src/stm32f3xx_hal_spi.o
LOAD ../arch/stm32/f3/src/stm32f3xx_hal_hrtim.o
LOAD ../arch/stm32/f3/src/stm32f3xx_hal_flash_ex.o
LOAD ../arch/stm32/f3/src/stm32f3xx_hal_irda.o
LOAD ../arch/stm32/f3/src/stm32f3xx_ll_adc.o
LOAD ../arch/stm32/f3/src/stm32f3xx_hal_smartcard.o
LOAD ../arch/stm32/f3/src/stm32f3xx_hal_nand.o
LOAD ../arch/stm32/f3/src/stm32f3xx_hal_gpio.o
LOAD ../arch/stm32/f3/src/stm32f3xx_ll_hrtim.o
LOAD ../arch/stm32/f3/src/stm32f3xx_hal_crc.o
LOAD ../arch/stm32/f3/src/stm32f3xx_ll_gpio.o
LOAD ../arch/stm32/f3/src/stm32f3xx_hal_rcc.o
LOAD ../arch/stm32/f3/src/CMSIS/system_stm32f3xx.o
LOAD ../arch/stm32/f3/src/CMSIS/startup_stm32f303xc.o
LOAD Autonomous_Parallel_Parking.o
LOAD user_source/state_machine.o
LOAD user_source/encoder.o
LOAD user_source/uart.o
LOAD user_source/sensor_timer.o
LOAD user_source/motion.o
LOAD user_source/foo.o
LOAD user_source/hal_interface/board_led.o
LOAD user_source/hal_interface/uart_hal.o
LOAD user_source/hal_interface/cpu.o
LOAD user_source/hal_interface/motor_hal.o
LOAD user_source/hal_interface/pin_setup.o
LOAD user_source/hal_interface/pwm_hal.o
LOAD user_source/hal_interface/newlib_stubs.o
LOAD user_source/hal_interface/interrupts.o
LOAD user_source/hal_interface/cube_hal_msp.o
LOAD c:/users/john/sandbox/gcc-arm-none-eabi-5_4-2016q3/bin/../lib/gcc/arm-none-eabi/5.4.1/../../../../arm-none-eabi/lib/armv7e-m/fpu\libm.a
LOAD c:/users/john/sandbox/gcc-arm-none-eabi-5_4-2016q3/bin/../lib/gcc/arm-none-eabi/5.4.1/../../../../arm-none-eabi/lib/armv7e-m/fpu\libc.a
START GROUP
LOAD c:/users/john/sandbox/gcc-arm-none-eabi-5_4-2016q3/bin/../lib/gcc/arm-none-eabi/5.4.1/armv7e-m/fpu\libgcc.a
LOAD c:/users/john/sandbox/gcc-arm-none-eabi-5_4-2016q3/bin/../lib/gcc/arm-none-eabi/5.4.1/../../../../arm-none-eabi/lib/armv7e-m/fpu\libc.a
END GROUP
START GROUP
LOAD c:/users/john/sandbox/gcc-arm-none-eabi-5_4-2016q3/bin/../lib/gcc/arm-none-eabi/5.4.1/armv7e-m/fpu\libgcc.a
LOAD c:/users/john/sandbox/gcc-arm-none-eabi-5_4-2016q3/bin/../lib/gcc/arm-none-eabi/5.4.1/../../../../arm-none-eabi/lib/armv7e-m/fpu\libc.a
LOAD c:/users/john/sandbox/gcc-arm-none-eabi-5_4-2016q3/bin/../lib/gcc/arm-none-eabi/5.4.1/../../../../arm-none-eabi/lib/armv7e-m/fpu\libnosys.a
END GROUP
LOAD c:/users/john/sandbox/gcc-arm-none-eabi-5_4-2016q3/bin/../lib/gcc/arm-none-eabi/5.4.1/armv7e-m/fpu/crtend.o
LOAD c:/users/john/sandbox/gcc-arm-none-eabi-5_4-2016q3/bin/../lib/gcc/arm-none-eabi/5.4.1/armv7e-m/fpu/crtn.o
OUTPUT(Autonomous_Parallel_Parking.elf elf32-littlearm)

.debug_info     0x00000000    0x10e19
 .debug_info    0x00000000       0xbf ../arch/stm32/f3/src/stm32f3xx_hal_msp.o
 .debug_info    0x000000bf      0x9ec ../arch/stm32/f3/src/stm32f3xx_hal_timebase_tim.o
 .debug_info    0x00000aab     0x18ee ../arch/stm32/f3/src/stm32f3xx_hal_uart.o
 .debug_info    0x00002399      0x6ed ../arch/stm32/f3/src/stm32f3xx_hal.o
 .debug_info    0x00002a86     0x3163 ../arch/stm32/f3/src/stm32f3xx_hal_tim.o
 .debug_info    0x00005be9      0x8db ../arch/stm32/f3/src/stm32f3xx_hal_uart_ex.o
 .debug_info    0x000064c4      0xe6d ../arch/stm32/f3/src/stm32f3xx_hal_cortex.o
 .debug_info    0x00007331      0x7d5 ../arch/stm32/f3/src/stm32f3xx_hal_dma.o
 .debug_info    0x00007b06     0x14d4 ../arch/stm32/f3/src/stm32f3xx_hal_tim_ex.o
 .debug_info    0x00008fda      0x673 ../arch/stm32/f3/src/stm32f3xx_hal_gpio.o
 .debug_info    0x0000964d     0x1341 ../arch/stm32/f3/src/stm32f3xx_hal_rcc.o
 .debug_info    0x0000a98e      0x3f2 ../arch/stm32/f3/src/CMSIS/system_stm32f3xx.o
 .debug_info    0x0000ad80       0xc5 ../arch/stm32/f3/src/CMSIS/startup_stm32f303xc.o
 .debug_info    0x0000ae45      0x306 Autonomous_Parallel_Parking.o
 .debug_info    0x0000b14b      0x355 user_source/state_machine.o
 .debug_info    0x0000b4a0      0x5e1 user_source/encoder.o
 .debug_info    0x0000ba81      0xaf8 user_source/uart.o
 .debug_info    0x0000c579     0x104c user_source/sensor_timer.o
 .debug_info    0x0000d5c5      0x82d user_source/motion.o
 .debug_info    0x0000ddf2       0x96 user_source/foo.o
 .debug_info    0x0000de88      0x731 user_source/hal_interface/uart_hal.o
 .debug_info    0x0000e5b9      0x335 user_source/hal_interface/cpu.o
 .debug_info    0x0000e8ee      0x25e user_source/hal_interface/pin_setup.o
 .debug_info    0x0000eb4c      0xb23 user_source/hal_interface/pwm_hal.o
 .debug_info    0x0000f66f      0x880 user_source/hal_interface/newlib_stubs.o
 .debug_info    0x0000feef      0x3bb user_source/hal_interface/interrupts.o
 .debug_info    0x000102aa      0xb6f user_source/hal_interface/cube_hal_msp.o

.debug_abbrev   0x00000000     0x3160
 .debug_abbrev  0x00000000       0x70 ../arch/stm32/f3/src/stm32f3xx_hal_msp.o
 .debug_abbrev  0x00000070      0x1f9 ../arch/stm32/f3/src/stm32f3xx_hal_timebase_tim.o
 .debug_abbrev  0x00000269      0x314 ../arch/stm32/f3/src/stm32f3xx_hal_uart.o
 .debug_abbrev  0x0000057d      0x1d0 ../arch/stm32/f3/src/stm32f3xx_hal.o
 .debug_abbrev  0x0000074d      0x333 ../arch/stm32/f3/src/stm32f3xx_hal_tim.o
 .debug_abbrev  0x00000a80      0x1ee ../arch/stm32/f3/src/stm32f3xx_hal_uart_ex.o
 .debug_abbrev  0x00000c6e      0x304 ../arch/stm32/f3/src/stm32f3xx_hal_cortex.o
 .debug_abbrev  0x00000f72      0x219 ../arch/stm32/f3/src/stm32f3xx_hal_dma.o
 .debug_abbrev  0x0000118b      0x2b6 ../arch/stm32/f3/src/stm32f3xx_hal_tim_ex.o
 .debug_abbrev  0x00001441      0x1d7 ../arch/stm32/f3/src/stm32f3xx_hal_gpio.o
 .debug_abbrev  0x00001618      0x2cc ../arch/stm32/f3/src/stm32f3xx_hal_rcc.o
 .debug_abbrev  0x000018e4      0x101 ../arch/stm32/f3/src/CMSIS/system_stm32f3xx.o
 .debug_abbrev  0x000019e5       0x12 ../arch/stm32/f3/src/CMSIS/startup_stm32f303xc.o
 .debug_abbrev  0x000019f7      0x114 Autonomous_Parallel_Parking.o
 .debug_abbrev  0x00001b0b      0x1b3 user_source/state_machine.o
 .debug_abbrev  0x00001cbe      0x17d user_source/encoder.o
 .debug_abbrev  0x00001e3b      0x29d user_source/uart.o
 .debug_abbrev  0x000020d8      0x2cb user_source/sensor_timer.o
 .debug_abbrev  0x000023a3      0x175 user_source/motion.o
 .debug_abbrev  0x00002518       0x94 user_source/foo.o
 .debug_abbrev  0x000025ac      0x1ab user_source/hal_interface/uart_hal.o
 .debug_abbrev  0x00002757      0x16a user_source/hal_interface/cpu.o
 .debug_abbrev  0x000028c1      0x130 user_source/hal_interface/pin_setup.o
 .debug_abbrev  0x000029f1      0x262 user_source/hal_interface/pwm_hal.o
 .debug_abbrev  0x00002c53      0x28e user_source/hal_interface/newlib_stubs.o
 .debug_abbrev  0x00002ee1       0xe4 user_source/hal_interface/interrupts.o
 .debug_abbrev  0x00002fc5      0x19b user_source/hal_interface/cube_hal_msp.o

.debug_aranges  0x00000000      0x368
 .debug_aranges
                0x00000000       0x20 ../arch/stm32/f3/src/stm32f3xx_hal_msp.o
 .debug_aranges
                0x00000020       0x20 ../arch/stm32/f3/src/stm32f3xx_hal_timebase_tim.o
 .debug_aranges
                0x00000040       0x20 ../arch/stm32/f3/src/stm32f3xx_hal_uart.o
 .debug_aranges
                0x00000060       0x20 ../arch/stm32/f3/src/stm32f3xx_hal.o
 .debug_aranges
                0x00000080       0x20 ../arch/stm32/f3/src/stm32f3xx_hal_tim.o
 .debug_aranges
                0x000000a0       0x20 ../arch/stm32/f3/src/stm32f3xx_hal_uart_ex.o
 .debug_aranges
                0x000000c0       0x20 ../arch/stm32/f3/src/stm32f3xx_hal_cortex.o
 .debug_aranges
                0x000000e0       0x20 ../arch/stm32/f3/src/stm32f3xx_hal_dma.o
 .debug_aranges
                0x00000100       0x20 ../arch/stm32/f3/src/stm32f3xx_hal_tim_ex.o
 .debug_aranges
                0x00000120       0x20 ../arch/stm32/f3/src/stm32f3xx_hal_gpio.o
 .debug_aranges
                0x00000140       0x20 ../arch/stm32/f3/src/stm32f3xx_hal_rcc.o
 .debug_aranges
                0x00000160       0x20 ../arch/stm32/f3/src/CMSIS/system_stm32f3xx.o
 .debug_aranges
                0x00000180       0x28 ../arch/stm32/f3/src/CMSIS/startup_stm32f303xc.o
 .debug_aranges
                0x000001a8       0x20 Autonomous_Parallel_Parking.o
 .debug_aranges
                0x000001c8       0x20 user_source/state_machine.o
 .debug_aranges
                0x000001e8       0x20 user_source/encoder.o
 .debug_aranges
                0x00000208       0x20 user_source/uart.o
 .debug_aranges
                0x00000228       0x20 user_source/sensor_timer.o
 .debug_aranges
                0x00000248       0x20 user_source/motion.o
 .debug_aranges
                0x00000268       0x20 user_source/foo.o
 .debug_aranges
                0x00000288       0x20 user_source/hal_interface/uart_hal.o
 .debug_aranges
                0x000002a8       0x20 user_source/hal_interface/cpu.o
 .debug_aranges
                0x000002c8       0x20 user_source/hal_interface/pin_setup.o
 .debug_aranges
                0x000002e8       0x20 user_source/hal_interface/pwm_hal.o
 .debug_aranges
                0x00000308       0x20 user_source/hal_interface/newlib_stubs.o
 .debug_aranges
                0x00000328       0x20 user_source/hal_interface/interrupts.o
 .debug_aranges
                0x00000348       0x20 user_source/hal_interface/cube_hal_msp.o

.debug_line     0x00000000     0x5e8a
 .debug_line    0x00000000      0x141 ../arch/stm32/f3/src/stm32f3xx_hal_msp.o
 .debug_line    0x00000141      0x203 ../arch/stm32/f3/src/stm32f3xx_hal_timebase_tim.o
 .debug_line    0x00000344      0xc1e ../arch/stm32/f3/src/stm32f3xx_hal_uart.o
 .debug_line    0x00000f62      0x200 ../arch/stm32/f3/src/stm32f3xx_hal.o
 .debug_line    0x00001162     0x11c0 ../arch/stm32/f3/src/stm32f3xx_hal_tim.o
 .debug_line    0x00002322      0x2e5 ../arch/stm32/f3/src/stm32f3xx_hal_uart_ex.o
 .debug_line    0x00002607      0x312 ../arch/stm32/f3/src/stm32f3xx_hal_cortex.o
 .debug_line    0x00002919      0x48f ../arch/stm32/f3/src/stm32f3xx_hal_dma.o
 .debug_line    0x00002da8      0x7bc ../arch/stm32/f3/src/stm32f3xx_hal_tim_ex.o
 .debug_line    0x00003564      0x301 ../arch/stm32/f3/src/stm32f3xx_hal_gpio.o
 .debug_line    0x00003865      0x735 ../arch/stm32/f3/src/stm32f3xx_hal_rcc.o
 .debug_line    0x00003f9a      0x18c ../arch/stm32/f3/src/CMSIS/system_stm32f3xx.o
 .debug_line    0x00004126       0x8f ../arch/stm32/f3/src/CMSIS/startup_stm32f303xc.o
 .debug_line    0x000041b5      0x1fc Autonomous_Parallel_Parking.o
 .debug_line    0x000043b1      0x200 user_source/state_machine.o
 .debug_line    0x000045b1      0x1d1 user_source/encoder.o
 .debug_line    0x00004782      0x253 user_source/uart.o
 .debug_line    0x000049d5      0x308 user_source/sensor_timer.o
 .debug_line    0x00004cdd      0x2c5 user_source/motion.o
 .debug_line    0x00004fa2       0x44 user_source/foo.o
 .debug_line    0x00004fe6      0x20d user_source/hal_interface/uart_hal.o
 .debug_line    0x000051f3      0x1dd user_source/hal_interface/cpu.o
 .debug_line    0x000053d0      0x186 user_source/hal_interface/pin_setup.o
 .debug_line    0x00005556      0x290 user_source/hal_interface/pwm_hal.o
 .debug_line    0x000057e6      0x265 user_source/hal_interface/newlib_stubs.o
 .debug_line    0x00005a4b      0x21b user_source/hal_interface/interrupts.o
 .debug_line    0x00005c66      0x224 user_source/hal_interface/cube_hal_msp.o

.debug_str      0x00000000     0x3dce
 .debug_str     0x00000000      0x1ce ../arch/stm32/f3/src/stm32f3xx_hal_msp.o
                                0x20f (size before relaxing)
 .debug_str     0x000001ce      0x9d1 ../arch/stm32/f3/src/stm32f3xx_hal_timebase_tim.o
                                0xbf4 (size before relaxing)
 .debug_str     0x00000b9f      0x8e9 ../arch/stm32/f3/src/stm32f3xx_hal_uart.o
                                0xdad (size before relaxing)
 .debug_str     0x00001488      0x1ee ../arch/stm32/f3/src/stm32f3xx_hal.o
                                0x902 (size before relaxing)
 .debug_str     0x00001676      0xa91 ../arch/stm32/f3/src/stm32f3xx_hal_tim.o
                               0x1117 (size before relaxing)
 .debug_str     0x00002107       0xef ../arch/stm32/f3/src/stm32f3xx_hal_uart_ex.o
                                0x892 (size before relaxing)
 .debug_str     0x000021f6      0x3c4 ../arch/stm32/f3/src/stm32f3xx_hal_cortex.o
                                0xb8f (size before relaxing)
 .debug_str     0x000025ba      0x209 ../arch/stm32/f3/src/stm32f3xx_hal_dma.o
                                0x66f (size before relaxing)
 .debug_str     0x000027c3      0x4c1 ../arch/stm32/f3/src/stm32f3xx_hal_tim_ex.o
                                0xd35 (size before relaxing)
 .debug_str     0x00002c84      0x1c3 ../arch/stm32/f3/src/stm32f3xx_hal_gpio.o
                                0x488 (size before relaxing)
 .debug_str     0x00002e47      0x25e ../arch/stm32/f3/src/stm32f3xx_hal_rcc.o
                                0x6a5 (size before relaxing)
 .debug_str     0x000030a5       0x6e ../arch/stm32/f3/src/CMSIS/system_stm32f3xx.o
                                0x334 (size before relaxing)
 .debug_str     0x00003113       0xa3 Autonomous_Parallel_Parking.o
                                0x2ea (size before relaxing)
 .debug_str     0x000031b6      0x160 user_source/state_machine.o
                                0x389 (size before relaxing)
 .debug_str     0x00003316       0x6d user_source/encoder.o
                                0x779 (size before relaxing)
 .debug_str     0x00003383      0x486 user_source/uart.o
                                0x6a9 (size before relaxing)
 .debug_str     0x00003809       0xfc user_source/sensor_timer.o
                                0xd77 (size before relaxing)
 .debug_str     0x00003905       0x80 user_source/motion.o
                                0x359 (size before relaxing)
 .debug_str     0x00003985       0x2d user_source/foo.o
                                0x14d (size before relaxing)